Archive member included to satisfy reference by file (symbol)

C:/CLionToolchains/gcc-arm-none-eabi-10.3-2021.10/bin/../lib/gcc/arm-none-eabi/13.3.1/thumb/v7e-m+fp/hard\libgcc.a(_arm_addsubdf3.o)
                              CMakeFiles/bubing_RM2025.elf.dir/code_mf/Src/MahonyAHRS.c.obj (__aeabi_f2d)
C:/CLionToolchains/gcc-arm-none-eabi-10.3-2021.10/bin/../lib/gcc/arm-none-eabi/13.3.1/thumb/v7e-m+fp/hard\libgcc.a(_arm_truncdfsf2.o)
                              CMakeFiles/bubing_RM2025.elf.dir/code_mf/Src/MahonyAHRS.c.obj (__aeabi_d2f)
C:/CLionToolchains/gcc-arm-none-eabi-10.3-2021.10/bin/../lib/gcc/arm-none-eabi/13.3.1/thumb/v7e-m+fp/hard\libgcc.a(_aeabi_uldivmod.o)
                              CMakeFiles/bubing_RM2025.elf.dir/Drivers/STM32F4xx_HAL_Driver/Src/stm32f4xx_hal_rcc.c.obj (__aeabi_uldivmod)
C:/CLionToolchains/gcc-arm-none-eabi-10.3-2021.10/bin/../lib/gcc/arm-none-eabi/13.3.1/thumb/v7e-m+fp/hard\libgcc.a(_udivmoddi4.o)
                              C:/CLionToolchains/gcc-arm-none-eabi-10.3-2021.10/bin/../lib/gcc/arm-none-eabi/13.3.1/thumb/v7e-m+fp/hard\libgcc.a(_aeabi_uldivmod.o) (__udivmoddi4)
C:/CLionToolchains/gcc-arm-none-eabi-10.3-2021.10/bin/../lib/gcc/arm-none-eabi/13.3.1/thumb/v7e-m+fp/hard\libgcc.a(_dvmd_tls.o)
                              C:/CLionToolchains/gcc-arm-none-eabi-10.3-2021.10/bin/../lib/gcc/arm-none-eabi/13.3.1/thumb/v7e-m+fp/hard\libgcc.a(_aeabi_uldivmod.o) (__aeabi_ldiv0)
C:/CLionToolchains/gcc-arm-none-eabi-10.3-2021.10/bin/../lib/gcc/arm-none-eabi/13.3.1/thumb/v7e-m+fp/hard\libg.a(libc_a-exit.o)
                              C:/CLionToolchains/gcc-arm-none-eabi-10.3-2021.10/bin/../lib/gcc/arm-none-eabi/13.3.1/thumb/v7e-m+fp/hard/crt0.o (exit)
C:/CLionToolchains/gcc-arm-none-eabi-10.3-2021.10/bin/../lib/gcc/arm-none-eabi/13.3.1/thumb/v7e-m+fp/hard\libg.a(libc_a-findfp.o)
                              CMakeFiles/bubing_RM2025.elf.dir/Middlewares/Third_Party/FreeRTOS/Source/tasks.c.obj (__sf)
C:/CLionToolchains/gcc-arm-none-eabi-10.3-2021.10/bin/../lib/gcc/arm-none-eabi/13.3.1/thumb/v7e-m+fp/hard\libg.a(libc_a-fwalk.o)
                              C:/CLionToolchains/gcc-arm-none-eabi-10.3-2021.10/bin/../lib/gcc/arm-none-eabi/13.3.1/thumb/v7e-m+fp/hard\libg.a(libc_a-findfp.o) (_fwalk_sglue)
C:/CLionToolchains/gcc-arm-none-eabi-10.3-2021.10/bin/../lib/gcc/arm-none-eabi/13.3.1/thumb/v7e-m+fp/hard\libg.a(libc_a-stdio.o)
                              C:/CLionToolchains/gcc-arm-none-eabi-10.3-2021.10/bin/../lib/gcc/arm-none-eabi/13.3.1/thumb/v7e-m+fp/hard\libg.a(libc_a-findfp.o) (__sread)
C:/CLionToolchains/gcc-arm-none-eabi-10.3-2021.10/bin/../lib/gcc/arm-none-eabi/13.3.1/thumb/v7e-m+fp/hard\libg.a(libc_a-vsprintf.o)
                              CMakeFiles/bubing_RM2025.elf.dir/code_mf/Src/uart_printf.c.obj (vsprintf)
C:/CLionToolchains/gcc-arm-none-eabi-10.3-2021.10/bin/../lib/gcc/arm-none-eabi/13.3.1/thumb/v7e-m+fp/hard\libg.a(libc_a-memset.o)
                              C:/CLionToolchains/gcc-arm-none-eabi-10.3-2021.10/bin/../lib/gcc/arm-none-eabi/13.3.1/thumb/v7e-m+fp/hard/crt0.o (memset)
C:/CLionToolchains/gcc-arm-none-eabi-10.3-2021.10/bin/../lib/gcc/arm-none-eabi/13.3.1/thumb/v7e-m+fp/hard\libg.a(libc_a-closer.o)
                              C:/CLionToolchains/gcc-arm-none-eabi-10.3-2021.10/bin/../lib/gcc/arm-none-eabi/13.3.1/thumb/v7e-m+fp/hard\libg.a(libc_a-stdio.o) (_close_r)
C:/CLionToolchains/gcc-arm-none-eabi-10.3-2021.10/bin/../lib/gcc/arm-none-eabi/13.3.1/thumb/v7e-m+fp/hard\libg.a(libc_a-reent.o)
                              CMakeFiles/bubing_RM2025.elf.dir/Middlewares/Third_Party/FreeRTOS/Source/tasks.c.obj (_reclaim_reent)
C:/CLionToolchains/gcc-arm-none-eabi-10.3-2021.10/bin/../lib/gcc/arm-none-eabi/13.3.1/thumb/v7e-m+fp/hard\libg.a(libc_a-impure.o)
                              CMakeFiles/bubing_RM2025.elf.dir/Middlewares/Third_Party/FreeRTOS/Source/tasks.c.obj (_impure_ptr)
C:/CLionToolchains/gcc-arm-none-eabi-10.3-2021.10/bin/../lib/gcc/arm-none-eabi/13.3.1/thumb/v7e-m+fp/hard\libg.a(libc_a-lseekr.o)
                              C:/CLionToolchains/gcc-arm-none-eabi-10.3-2021.10/bin/../lib/gcc/arm-none-eabi/13.3.1/thumb/v7e-m+fp/hard\libg.a(libc_a-stdio.o) (_lseek_r)
C:/CLionToolchains/gcc-arm-none-eabi-10.3-2021.10/bin/../lib/gcc/arm-none-eabi/13.3.1/thumb/v7e-m+fp/hard\libg.a(libc_a-readr.o)
                              C:/CLionToolchains/gcc-arm-none-eabi-10.3-2021.10/bin/../lib/gcc/arm-none-eabi/13.3.1/thumb/v7e-m+fp/hard\libg.a(libc_a-stdio.o) (_read_r)
C:/CLionToolchains/gcc-arm-none-eabi-10.3-2021.10/bin/../lib/gcc/arm-none-eabi/13.3.1/thumb/v7e-m+fp/hard\libg.a(libc_a-writer.o)
                              C:/CLionToolchains/gcc-arm-none-eabi-10.3-2021.10/bin/../lib/gcc/arm-none-eabi/13.3.1/thumb/v7e-m+fp/hard\libg.a(libc_a-stdio.o) (_write_r)
C:/CLionToolchains/gcc-arm-none-eabi-10.3-2021.10/bin/../lib/gcc/arm-none-eabi/13.3.1/thumb/v7e-m+fp/hard\libg.a(libc_a-errno.o)
[...]
Memory Configuration

Name             Origin             Length             Attributes
CCMRAM           0x10000000         0x00010000         xrw
RAM              0x20000000         0x00020000         xrw
FLASH            0x08000000         0x00100000         xr
*default*        0x00000000         0xffffffff

Linker script and memory map

LOAD C:/CLionToolchains/gcc-arm-none-eabi-10.3-2021.10/bin/../lib/gcc/arm-none-eabi/13.3.1/thumb/v7e-m+fp/hard/crti.o
LOAD C:/CLionToolchains/gcc-arm-none-eabi-10.3-2021.10/bin/../lib/gcc/arm-none-eabi/13.3.1/thumb/v7e-m+fp/hard/crtbegin.o
LOAD C:/CLionToolchains/gcc-arm-none-eabi-10.3-2021.10/bin/../lib/gcc/arm-none-eabi/13.3.1/thumb/v7e-m+fp/hard/crt0.o
LOAD CMakeFiles/bubing_RM2025.elf.dir/Core/Src/can.c.obj
LOAD CMakeFiles/bubing_RM2025.elf.dir/Core/Src/dma.c.obj
LOAD CMakeFiles/bubing_RM2025.elf.dir/Core/Src/freertos.c.obj
LOAD CMakeFiles/bubing_RM2025.elf.dir/Core/Src/gpio.c.obj
LOAD CMakeFiles/bubing_RM2025.elf.dir/Core/Src/main.c.obj
LOAD CMakeFiles/bubing_RM2025.elf.dir/Core/Src/spi.c.obj
LOAD CMakeFiles/bubing_RM2025.elf.dir/Core/Src/stm32f4xx_hal_msp.c.obj
LOAD CMakeFiles/bubing_RM2025.elf.dir/Core/Src/stm32f4xx_hal_timebase_tim.c.obj
LOAD CMakeFiles/bubing_RM2025.elf.dir/Core/Src/stm32f4xx_it.c.obj
LOAD CMakeFiles/bubing_RM2025.elf.dir/Core/Src/syscalls.c.obj
LOAD CMakeFiles/bubing_RM2025.elf.dir/Core/Src/sysmem.c.obj
LOAD CMakeFiles/bubing_RM2025.elf.dir/Core/Src/system_stm32f4xx.c.obj
LOAD CMakeFiles/bubing_RM2025.elf.dir/Core/Src/tim.c.obj
LOAD CMakeFiles/bubing_RM2025.elf.dir/Core/Src/usart.c.obj
LOAD CMakeFiles/bubing_RM2025.elf.dir/Core/Startup/startup_stm32f407ighx.s.obj
LOAD CMakeFiles/bubing_RM2025.elf.dir/Drivers/STM32F4xx_HAL_Driver/Src/stm32f4xx_hal.c.obj
LOAD CMakeFiles/bubing_RM2025.elf.dir/Drivers/STM32F4xx_HAL_Driver/Src/stm32f4xx_hal_can.c.obj
LOAD CMakeFiles/bubing_RM2025.elf.dir/Drivers/STM32F4xx_HAL_Driver/Src/stm32f4xx_hal_cortex.c.obj
LOAD CMakeFiles/bubing_RM2025.elf.dir/Drivers/STM32F4xx_HAL_Driver/Src/stm32f4xx_hal_dma.c.obj
LOAD CMakeFiles/bubing_RM2025.elf.dir/Drivers/STM32F4xx_HAL_Driver/Src/stm32f4xx_hal_dma_ex.c.obj
LOAD CMakeFiles/bubing_RM2025.elf.dir/Drivers/STM32F4xx_HAL_Driver/Src/stm32f4xx_hal_exti.c.obj
LOAD CMakeFiles/bubing_RM2025.elf.dir/Drivers/STM32F4xx_HAL_Driver/Src/stm32f4xx_hal_flash.c.obj
LOAD CMakeFiles/bubing_RM2025.elf.dir/Drivers/STM32F4xx_HAL_Driver/Src/stm32f4xx_hal_flash_ex.c.obj
LOAD CMakeFiles/bubing_RM2025.elf.dir/Drivers/STM32F4xx_HAL_Driver/Src/stm32f4xx_hal_flash_ramfunc.c.obj
LOAD CMakeFiles/bubing_RM2025.elf.dir/Drivers/STM32F4xx_HAL_Driver/Src/stm32f4xx_hal_gpio.c.obj
LOAD CMakeFiles/bubing_RM2025.elf.dir/Drivers/STM32F4xx_HAL_Driver/Src/stm32f4xx_hal_pwr.c.obj
LOAD CMakeFiles/bubing_RM2025.elf.dir/Drivers/STM32F4xx_HAL_Driver/Src/stm32f4xx_hal_pwr_ex.c.obj
LOAD CMakeFiles/bubing_RM2025.elf.dir/Drivers/STM32F4xx_HAL_Driver/Src/stm32f4xx_hal_rcc.c.obj
LOAD CMakeFiles/bubing_RM2025.elf.dir/Drivers/STM32F4xx_HAL_Driver/Src/stm32f4xx_hal_rcc_ex.c.obj
LOAD CMakeFiles/bubing_RM2025.elf.dir/Drivers/STM32F4xx_HAL_Driver/Src/stm32f4xx_hal_spi.c.obj
LOAD CMakeFiles/bubing_RM2025.elf.dir/Drivers/STM32F4xx_HAL_Driver/Src/stm32f4xx_hal_tim.c.obj
LOAD CMakeFiles/bubing_RM2025.elf.dir/Drivers/STM32F4xx_HAL_Driver/Src/stm32f4xx_hal_tim_ex.c.obj
LOAD CMakeFiles/bubing_RM2025.elf.dir/Drivers/STM32F4xx_HAL_Driver/Src/stm32f4xx_hal_uart.c.obj
LOAD CMakeFiles/bubing_RM2025.elf.dir/Middlewares/Third_Party/FreeRTOS/Source/CMSIS_RTOS/cmsis_os.c.obj
LOAD CMakeFiles/bubing_RM2025.elf.dir/Middlewares/Third_Party/FreeRTOS/Source/croutine.c.obj
LOAD CMakeFiles/bubing_RM2025.elf.dir/Middlewares/Third_Party/FreeRTOS/Source/event_groups.c.obj
LOAD CMakeFiles/bubing_RM2025.elf.dir/Middlewares/Third_Party/FreeRTOS/Source/list.c.obj
LOAD CMakeFiles/bubing_RM2025.elf.dir/Middlewares/Third_Party/FreeRTOS/Source/portable/GCC/ARM_CM4F/port.c.obj
LOAD CMakeFiles/bubing_RM2025.elf.dir/Middlewares/Third_Party/FreeRTOS/Source/portable/MemMang/heap_4.c.obj
LOAD CMakeFiles/bubing_RM2025.elf.dir/Middlewares/Third_Party/FreeRTOS/Source/queue.c.obj
LOAD CMakeFiles/bubing_RM2025.elf.dir/Middlewares/Third_Party/FreeRTOS/Source/stream_buffer.c.obj
LOAD CMakeFiles/bubing_RM2025.elf.dir/Middlewares/Third_Party/FreeRTOS/Source/tasks.c.obj
LOAD CMakeFiles/bubing_RM2025.elf.dir/Middlewares/Third_Party/FreeRTOS/Source/timers.c.obj
LOAD CMakeFiles/bubing_RM2025.elf.dir/code_mf/Src/BMI088Middleware.c.obj
LOAD CMakeFiles/bubing_RM2025.elf.dir/code_mf/Src/BMI088driver.c.obj
LOAD CMakeFiles/bubing_RM2025.elf.dir/code_mf/Src/IMU_DATA_GET.c.obj
LOAD CMakeFiles/bubing_RM2025.elf.dir/code_mf/Src/MahonyAHRS.c.obj
LOAD CMakeFiles/bubing_RM2025.elf.dir/code_mf/Src/board_LED.c.obj
LOAD CMakeFiles/bubing_RM2025.elf.dir/code_mf/Src/bus_servo.c.obj
LOAD CMakeFiles/bubing_RM2025.elf.dir/code_mf/Src/error_detection.c.obj
LOAD CMakeFiles/bubing_RM2025.elf.dir/code_mf/Src/refree_task.c.obj
LOAD CMakeFiles/bubing_RM2025.elf.dir/code_mf/Src/uart_callback.c.obj
LOAD CMakeFiles/bubing_RM2025.elf.dir/code_mf/Src/uart_printf.c.obj
LOAD CMakeFiles/bubing_RM2025.elf.dir/code_mf/Src/uart_sent.c.obj
START GROUP
LOAD C:/CLionToolchains/gcc-arm-none-eabi-10.3-2021.10/bin/../lib/gcc/arm-none-eabi/13.3.1/thumb/v7e-m+fp/hard\libgcc.a
LOAD C:/CLionToolchains/gcc-arm-none-eabi-10.3-2021.10/bin/../lib/gcc/arm-none-eabi/13.3.1/thumb/v7e-m+fp/hard\libg.a
LOAD C:/CLionToolchains/gcc-arm-none-eabi-10.3-2021.10/bin/../lib/gcc/arm-none-eabi/13.3.1/thumb/v7e-m+fp/hard\libc.a
END GROUP
LOAD C:/CLionToolchains/gcc-arm-none-eabi-10.3-2021.10/bin/../lib/gcc/arm-none-eabi/13.3.1/thumb/v7e-m+fp/hard/crtend.o
LOAD C:/CLionToolchains/gcc-arm-none-eabi-10.3-2021.10/bin/../lib/gcc/arm-none-eabi/13.3.1/thumb/v7e-m+fp/hard/crtn.o
                0x20020000                        _estack = (ORIGIN (RAM) + LENGTH (RAM))
                0x00000200                        _Min_Heap_Size = 0x200
                0x00000400                        _Min_Stack_Size = 0x400

.isr_vector     0x08000000      0x188
                0x08000000                        . = ALIGN (0x4)
 *(.isr_vector)
 .isr_vector    0x08000000      0x188 CMakeFiles/bubing_RM2025.elf.dir/Core/Startup/startup_stm32f407ighx.s.obj
                0x08000000                g_pfnVectors
                0x08000188                        . = ALIGN (0x4)

.text           0x080001c0     0xcda8
                0x080001c0                        . = ALIGN (0x4)
 *(.text)
 .text          0x080001c0      0x378 C:/CLionToolchains/gcc-arm-none-eabi-10.3-2021.10/bin/../lib/gcc/arm-none-eabi/13.3.1/thumb/v7e-m+fp/hard\libgcc.a(_arm_addsubdf3.o)
                0x080001c0                __aeabi_drsub
                0x080001c8                __aeabi_dsub
                0x080001c8                __subdf3
                0x080001cc                __aeabi_dadd
                0x080001cc                __adddf3
                0x08000444                __floatunsidf
                0x08000444                __aeabi_ui2d
                0x08000464                __floatsidf
                0x08000464                __aeabi_i2d
                0x08000488                __aeabi_f2d
                0x08000488                __extendsfdf2
                0x080004cc                __floatundidf
                0x080004cc                __aeabi_ul2d
                0x080004dc                __floatdidf
                0x080004dc                __aeabi_l2d
 .text          0x08000538       0xa0 C:/CLionToolchains/gcc-arm-none-eabi-10.3-2021.10/bin/../lib/gcc/arm-none-eabi/13.3.1/thumb/v7e-m+fp/hard\libgcc.a(_arm_truncdfsf2.o)
                0x08000538                __truncdfsf2
                0x08000538                __aeabi_d2f
 .text          0x080005d8       0x30 C:/CLionToolchains/gcc-arm-none-eabi-10.3-2021.10/bin/../lib/gcc/arm-none-eabi/13.3.1/thumb/v7e-m+fp/hard\libgcc.a(_aeabi_uldivmod.o)
                0x080005d8                __aeabi_uldivmod
 .text          0x08000608        0x4 C:/CLionToolchains/gcc-arm-none-eabi-10.3-2021.10/bin/../lib/gcc/arm-none-eabi/13.3.1/thumb/v7e-m+fp/hard\libgcc.a(_dvmd_tls.o)
                0x08000608                __aeabi_idiv0
                0x08000608                __aeabi_ldiv0
 .text          0x0800060c      0x134 C:/CLionToolchains/gcc-arm-none-eabi-10.3-2021.10/bin/../lib/gcc/arm-none-eabi/13.3.1/thumb/v7e-m+fp/hard\libg.a(libc_a-memcpy.o)
                0x0800060c                memcpy
 .text          0x08000740       0xd8 C:/CLionToolchains/gcc-arm-none-eabi-10.3-2021.10/bin/../lib/gcc/arm-none-eabi/13.3.1/thumb/v7e-m+fp/hard\libg.a(libc_a-strlen.o)
                0x08000740                strlen
 *fill*         0x08000818        0x8 
 .text          0x08000820       0xa0 C:/CLionToolchains/gcc-arm-none-eabi-10.3-2021.10/bin/../lib/gcc/arm-none-eabi/13.3.1/thumb/v7e-m+fp/hard\libg.a(libc_a-memchr.o)
                0x08000820                memchr
 .text          0x080008c0      0x424 C:/CLionToolchains/gcc-arm-none-eabi-10.3-2021.10/bin/../lib/gcc/arm-none-eabi/13.3.1/thumb/v7e-m+fp/hard\libgcc.a(_arm_muldivdf3.o)
                0x080008c0                __aeabi_dmul
                0x080008c0                __muldf3
                0x08000b14                __divdf3
                0x08000b14                __aeabi_ddiv
 .text          0x08000ce4      0x110 C:/CLionToolchains/gcc-arm-none-eabi-10.3-2021.10/bin/../lib/gcc/arm-none-eabi/13.3.1/thumb/v7e-m+fp/hard\libgcc.a(_arm_cmpdf2.o)
                0x08000ce4                __gtdf2
                0x08000ce4                __gedf2
                0x08000cec                __ltdf2
                0x08000cec                __ledf2
                0x08000cf4                __nedf2
                0x08000cf4                __eqdf2
                0x08000cf4                __cmpdf2
                0x08000d70                __aeabi_cdrcmple
                0x08000d80                __aeabi_cdcmpeq
                0x08000d80                __aeabi_cdcmple
                0x08000d90                __aeabi_dcmpeq
                0x08000da4                __aeabi_dcmplt
                0x08000db8                __aeabi_dcmple
                0x08000dcc                __aeabi_dcmpge
                0x08000de0                __aeabi_dcmpgt
 .text          0x08000df4       0x2c C:/CLionToolchains/gcc-arm-none-eabi-10.3-2021.10/bin/../lib/gcc/arm-none-eabi/13.3.1/thumb/v7e-m+fp/hard\libgcc.a(_arm_unorddf2.o)
                0x08000df4                __unorddf2
                0x08000df4                __aeabi_dcmpun
 .text          0x08000e20       0x50 C:/CLionToolchains/gcc-arm-none-eabi-10.3-2021.10/bin/../lib/gcc/arm-none-eabi/13.3.1/thumb/v7e-m+fp/hard\libgcc.a(_arm_fixdfsi.o)
                0x08000e20                __aeabi_d2iz
                0x08000e20                __fixdfsi
 *(.text*)
 .text.deregister_tm_clones
                0x08000e70       0x1c C:/CLionToolchains/gcc-arm-none-eabi-10.3-2021.10/bin/../lib/gcc/arm-none-eabi/13.3.1/thumb/v7e-m+fp/hard/crtbegin.o
 .text.register_tm_clones
                0x08000e8c       0x24 C:/CLionToolchains/gcc-arm-none-eabi-10.3-2021.10/bin/../lib/gcc/arm-none-eabi/13.3.1/thumb/v7e-m+fp/hard/crtbegin.o
 .text.__do_global_dtors_aux
                0x08000eb0       0x28 C:/CLionToolchains/gcc-arm-none-eabi-10.3-2021.10/bin/../lib/gcc/arm-none-eabi/13.3.1/thumb/v7e-m+fp/hard/crtbegin.o
 .text.frame_dummy
                0x08000ed8       0x24 C:/CLionToolchains/gcc-arm-none-eabi-10.3-2021.10/bin/../lib/gcc/arm-none-eabi/13.3.1/thumb/v7e-m+fp/hard/crtbegin.o
 .text.MX_CAN1_Init
                0x08000efc       0x40 CMakeFiles/bubing_RM2025.elf.dir/Core/Src/can.c.obj
                0x08000efc                MX_CAN1_Init
 .text.MX_CAN2_Init
                0x08000f3c       0x40 CMakeFiles/bubing_RM2025.elf.dir/Core/Src/can.c.obj
                0x08000f3c                MX_CAN2_Init
 .text.HAL_CAN_MspInit
                0x08000f7c      0x120 CMakeFiles/bubing_RM2025.elf.dir/Core/Src/can.c.obj
                0x08000f7c                HAL_CAN_MspInit
 .text.MX_DMA_Init
                0x0800109c       0x88 CMakeFiles/bubing_RM2025.elf.dir/Core/Src/dma.c.obj
                0x0800109c                MX_DMA_Init
 .text.StartDefaultTask
                0x08001124        0xa CMakeFiles/bubing_RM2025.elf.dir/Core/Src/freertos.c.obj
                0x08001124                StartDefaultTask
 *fill*         0x0800112e        0x2 
 .text.vApplicationGetIdleTaskMemory
                0x08001130       0x18 CMakeFiles/bubing_RM2025.elf.dir/Core/Src/freertos.c.obj
                0x08001130                vApplicationGetIdleTaskMemory
 .text.MX_FREERTOS_Init
                0x08001148      0x124 CMakeFiles/bubing_RM2025.elf.dir/Core/Src/freertos.c.obj
                0x08001148                MX_FREERTOS_Init
 .text.MX_GPIO_Init
                0x0800126c      0x144 CMakeFiles/bubing_RM2025.elf.dir/Core/Src/gpio.c.obj
                0x0800126c                MX_GPIO_Init
 .text.HAL_TIM_PeriodElapsedCallback
                0x080013b0       0x18 CMakeFiles/bubing_RM2025.elf.dir/Core/Src/main.c.obj
                0x080013b0                HAL_TIM_PeriodElapsedCallback
 .text.Error_Handler
                0x080013c8        0x4 CMakeFiles/bubing_RM2025.elf.dir/Core/Src/main.c.obj
                0x080013c8                Error_Handler
 .text.SystemClock_Config
                0x080013cc       0xa8 CMakeFiles/bubing_RM2025.elf.dir/Core/Src/main.c.obj
                0x080013cc                SystemClock_Config
 .text.main     0x08001474       0x58 CMakeFiles/bubing_RM2025.elf.dir/Core/Src/main.c.obj
                0x08001474                main
 .text.MX_SPI1_Init
                0x080014cc       0x48 CMakeFiles/bubing_RM2025.elf.dir/Core/Src/spi.c.obj
                0x080014cc                MX_SPI1_Init
 .text.HAL_SPI_MspInit
                0x08001514       0x98 CMakeFiles/bubing_RM2025.elf.dir/Core/Src/spi.c.obj
                0x08001514                HAL_SPI_MspInit
 .text.HAL_MspInit
                0x080015ac       0x44 CMakeFiles/bubing_RM2025.elf.dir/Core/Src/stm32f4xx_hal_msp.c.obj
                0x080015ac                HAL_MspInit
 .text.HAL_InitTick
                0x080015f0       0xa4 CMakeFiles/bubing_RM2025.elf.dir/Core/Src/stm32f4xx_hal_timebase_tim.c.obj
                0x080015f0                HAL_InitTick
 .text.NMI_Handler
                0x08001694        0x2 CMakeFiles/bubing_RM2025.elf.dir/Core/Src/stm32f4xx_it.c.obj
                0x08001694                NMI_Handler
 .text.HardFault_Handler
                0x08001696        0x2 CMakeFiles/bubing_RM2025.elf.dir/Core/Src/stm32f4xx_it.c.obj
                0x08001696                HardFault_Handler
 .text.MemManage_Handler
                0x08001698        0x2 CMakeFiles/bubing_RM2025.elf.dir/Core/Src/stm32f4xx_it.c.obj
                0x08001698                MemManage_Handler
 .text.BusFault_Handler
                0x0800169a        0x2 CMakeFiles/bubing_RM2025.elf.dir/Core/Src/stm32f4xx_it.c.obj
                0x0800169a                BusFault_Handler
 .text.UsageFault_Handler
                0x0800169c        0x2 CMakeFiles/bubing_RM2025.elf.dir/Core/Src/stm32f4xx_it.c.obj
                0x0800169c                UsageFault_Handler
 .text.DebugMon_Handler
                0x0800169e        0x2 CMakeFiles/bubing_RM2025.elf.dir/Core/Src/stm32f4xx_it.c.obj
                0x0800169e                DebugMon_Handler
 .text.DMA1_Stream1_IRQHandler
                0x080016a0       0x10 CMakeFiles/bubing_RM2025.elf.dir/Core/Src/stm32f4xx_it.c.obj
                0x080016a0                DMA1_Stream1_IRQHandler
 .text.CAN1_RX0_IRQHandler
                0x080016b0       0x10 CMakeFiles/bubing_RM2025.elf.dir/Core/Src/stm32f4xx_it.c.obj
                0x080016b0                CAN1_RX0_IRQHandler
 .text.USART1_IRQHandler
                0x080016c0       0x10 CMakeFiles/bubing_RM2025.elf.dir/Core/Src/stm32f4xx_it.c.obj
                0x080016c0                USART1_IRQHandler
 .text.USART3_IRQHandler
                0x080016d0       0x10 CMakeFiles/bubing_RM2025.elf.dir/Core/Src/stm32f4xx_it.c.obj
                0x080016d0                USART3_IRQHandler
 .text.TIM7_IRQHandler
                0x080016e0       0x10 CMakeFiles/bubing_RM2025.elf.dir/Core/Src/stm32f4xx_it.c.obj
                0x080016e0                TIM7_IRQHandler
 .text.DMA2_Stream1_IRQHandler
                0x080016f0       0x10 CMakeFiles/bubing_RM2025.elf.dir/Core/Src/stm32f4xx_it.c.obj
                0x080016f0                DMA2_Stream1_IRQHandler
 .text.DMA2_Stream2_IRQHandler
                0x08001700       0x10 CMakeFiles/bubing_RM2025.elf.dir/Core/Src/stm32f4xx_it.c.obj
                0x08001700                DMA2_Stream2_IRQHandler
 .text.CAN2_RX0_IRQHandler
                0x08001710       0x10 CMakeFiles/bubing_RM2025.elf.dir/Core/Src/stm32f4xx_it.c.obj
                0x08001710                CAN2_RX0_IRQHandler
 .text.DMA2_Stream6_IRQHandler
                0x08001720       0x10 CMakeFiles/bubing_RM2025.elf.dir/Core/Src/stm32f4xx_it.c.obj
                0x08001720                DMA2_Stream6_IRQHandler
 .text.DMA2_Stream7_IRQHandler
                0x08001730       0x10 CMakeFiles/bubing_RM2025.elf.dir/Core/Src/stm32f4xx_it.c.obj
                0x08001730                DMA2_Stream7_IRQHandler
 .text.USART6_IRQHandler
                0x08001740       0x10 CMakeFiles/bubing_RM2025.elf.dir/Core/Src/stm32f4xx_it.c.obj
                0x08001740                USART6_IRQHandler
 .text._getpid  0x08001750        0x4 CMakeFiles/bubing_RM2025.elf.dir/Core/Src/syscalls.c.obj
                0x08001750                _getpid
 .text._kill    0x08001754       0x10 CMakeFiles/bubing_RM2025.elf.dir/Core/Src/syscalls.c.obj
                0x08001754                _kill
 .text._exit    0x08001764        0xc CMakeFiles/bubing_RM2025.elf.dir/Core/Src/syscalls.c.obj
                0x08001764                _exit
 .text._read    0x08001770       0x20 CMakeFiles/bubing_RM2025.elf.dir/Core/Src/syscalls.c.obj
                0x08001770                _read
 .text._write   0x08001790       0x1c CMakeFiles/bubing_RM2025.elf.dir/Core/Src/syscalls.c.obj
                0x08001790                _write
 .text._close   0x080017ac        0x6 CMakeFiles/bubing_RM2025.elf.dir/Core/Src/syscalls.c.obj
                0x080017ac                _close
 .text._fstat   0x080017b2        0xa CMakeFiles/bubing_RM2025.elf.dir/Core/Src/syscalls.c.obj
                0x080017b2                _fstat
 .text._isatty  0x080017bc        0x4 CMakeFiles/bubing_RM2025.elf.dir/Core/Src/syscalls.c.obj
                0x080017bc                _isatty
 .text._lseek   0x080017c0        0x4 CMakeFiles/bubing_RM2025.elf.dir/Core/Src/syscalls.c.obj
                0x080017c0                _lseek
 .text._sbrk    0x080017c4       0x48 CMakeFiles/bubing_RM2025.elf.dir/Core/Src/sysmem.c.obj
                0x080017c4                _sbrk
 .text.SystemInit
                0x0800180c       0x14 CMakeFiles/bubing_RM2025.elf.dir/Core/Src/system_stm32f4xx.c.obj
                0x0800180c                SystemInit
 .text.HAL_TIM_Base_MspInit
                0x08001820       0x54 CMakeFiles/bubing_RM2025.elf.dir/Core/Src/tim.c.obj
                0x08001820                HAL_TIM_Base_MspInit
 .text.HAL_TIM_MspPostInit
                0x08001874       0xc0 CMakeFiles/bubing_RM2025.elf.dir/Core/Src/tim.c.obj
                0x08001874                HAL_TIM_MspPostInit
 .text.MX_TIM1_Init
                0x08001934      0x124 CMakeFiles/bubing_RM2025.elf.dir/Core/Src/tim.c.obj
                0x08001934                MX_TIM1_Init
 .text.MX_TIM8_Init
                0x08001a58      0x110 CMakeFiles/bubing_RM2025.elf.dir/Core/Src/tim.c.obj
                0x08001a58                MX_TIM8_Init
 .text.MX_USART1_UART_Init
                0x08001b68       0x34 CMakeFiles/bubing_RM2025.elf.dir/Core/Src/usart.c.obj
                0x08001b68                MX_USART1_UART_Init
 .text.MX_USART3_UART_Init
                0x08001b9c       0x3c CMakeFiles/bubing_RM2025.elf.dir/Core/Src/usart.c.obj
                0x08001b9c                MX_USART3_UART_Init
 .text.MX_USART6_UART_Init
                0x08001bd8       0x34 CMakeFiles/bubing_RM2025.elf.dir/Core/Src/usart.c.obj
                0x08001bd8                MX_USART6_UART_Init
 .text.HAL_UART_MspInit
                0x08001c0c      0x2d4 CMakeFiles/bubing_RM2025.elf.dir/Core/Src/usart.c.obj
                0x08001c0c                HAL_UART_MspInit
 .text.Reset_Handler
                0x08001ee0       0x50 CMakeFiles/bubing_RM2025.elf.dir/Core/Startup/startup_stm32f407ighx.s.obj
                0x08001ee0                Reset_Handler
 .text.Default_Handler
                0x08001f30        0x2 CMakeFiles/bubing_RM2025.elf.dir/Core/Startup/startup_stm32f407ighx.s.obj
                0x08001f30                RTC_Alarm_IRQHandler
                0x08001f30                HASH_RNG_IRQHandler
                0x08001f30                EXTI2_IRQHandler
                0x08001f30                TIM8_CC_IRQHandler
                0x08001f30                TIM1_CC_IRQHandler
                0x08001f30                DMA2_Stream5_IRQHandler
                0x08001f30                DMA1_Stream5_IRQHandler
                0x08001f30                PVD_IRQHandler
                0x08001f30                SDIO_IRQHandler
                0x08001f30                TAMP_STAMP_IRQHandler
                0x08001f30                CAN2_RX1_IRQHandler
                0x08001f30                EXTI3_IRQHandler
                0x08001f30                TIM8_TRG_COM_TIM14_IRQHandler
                0x08001f30                TIM1_UP_TIM10_IRQHandler
                0x08001f30                TIM8_UP_TIM13_IRQHandler
                0x08001f30                I2C3_ER_IRQHandler
                0x08001f30                EXTI0_IRQHandler
                0x08001f30                I2C2_EV_IRQHandler
                0x08001f30                DMA1_Stream2_IRQHandler
                0x08001f30                FPU_IRQHandler
                0x08001f30                OTG_HS_WKUP_IRQHandler
                0x08001f30                CAN2_SCE_IRQHandler
                0x08001f30                SPI1_IRQHandler
                0x08001f30                TIM6_DAC_IRQHandler
                0x08001f30                TIM1_BRK_TIM9_IRQHandler
                0x08001f30                DCMI_IRQHandler
                0x08001f30                DMA2_Stream3_IRQHandler
                0x08001f30                CAN1_RX1_IRQHandler
                0x08001f30                UART5_IRQHandler
                0x08001f30                DMA2_Stream0_IRQHandler
                0x08001f30                TIM4_IRQHandler
                0x08001f30                I2C1_EV_IRQHandler
                0x08001f30                DMA1_Stream6_IRQHandler
                0x08001f30                UART4_IRQHandler
                0x08001f30                TIM3_IRQHandler
                0x08001f30                RCC_IRQHandler
                0x08001f30                TIM8_BRK_TIM12_IRQHandler
                0x08001f30                Default_Handler
                0x08001f30                EXTI15_10_IRQHandler
                0x08001f30                ADC_IRQHandler
                0x08001f30                DMA1_Stream7_IRQHandler
                0x08001f30                CAN2_TX_IRQHandler
                0x08001f30                TIM5_IRQHandler
                0x08001f30                I2C3_EV_IRQHandler
                0x08001f30                EXTI9_5_IRQHandler
                0x08001f30                RTC_WKUP_IRQHandler
                0x08001f30                ETH_WKUP_IRQHandler
                0x08001f30                SPI2_IRQHandler
                0x08001f30                OTG_HS_EP1_IN_IRQHandler
                0x08001f30                DMA1_Stream0_IRQHandler
                0x08001f30                CAN1_TX_IRQHandler
                0x08001f30                EXTI4_IRQHandler
                0x08001f30                FSMC_IRQHandler
                0x08001f30                ETH_IRQHandler
                0x08001f30                OTG_HS_EP1_OUT_IRQHandler
                0x08001f30                WWDG_IRQHandler
                0x08001f30                TIM2_IRQHandler
                0x08001f30                OTG_FS_WKUP_IRQHandler
                0x08001f30                TIM1_TRG_COM_TIM11_IRQHandler
                0x08001f30                OTG_HS_IRQHandler
                0x08001f30                EXTI1_IRQHandler
                0x08001f30                USART2_IRQHandler
                0x08001f30                I2C2_ER_IRQHandler
                0x08001f30                CAN1_SCE_IRQHandler
                0x08001f30                FLASH_IRQHandler
                0x08001f30                DMA2_Stream4_IRQHandler
                0x08001f30                OTG_FS_IRQHandler
                0x08001f30                SPI3_IRQHandler
                0x08001f30                DMA1_Stream4_IRQHandler
                0x08001f30                I2C1_ER_IRQHandler
                0x08001f30                DMA1_Stream3_IRQHandler
 *fill*         0x08001f32        0x2 
 .text.HAL_Init
                0x08001f34       0x34 CMakeFiles/bubing_RM2025.elf.dir/Drivers/STM32F4xx_HAL_Driver/Src/stm32f4xx_hal.c.obj
                0x08001f34                HAL_Init
 .text.HAL_IncTick
                0x08001f68       0x18 CMakeFiles/bubing_RM2025.elf.dir/Drivers/STM32F4xx_HAL_Driver/Src/stm32f4xx_hal.c.obj
                0x08001f68                HAL_IncTick
 .text.HAL_GetTick
                0x08001f80        0xc CMakeFiles/bubing_RM2025.elf.dir/Drivers/STM32F4xx_HAL_Driver/Src/stm32f4xx_hal.c.obj
                0x08001f80                HAL_GetTick
 .text.HAL_Delay
                0x08001f8c       0x28 CMakeFiles/bubing_RM2025.elf.dir/Drivers/STM32F4xx_HAL_Driver/Src/stm32f4xx_hal.c.obj
                0x08001f8c                HAL_Delay
 .text.HAL_CAN_Init
                0x08001fb4      0x14c CMakeFiles/bubing_RM2025.elf.dir/Drivers/STM32F4xx_HAL_Driver/Src/stm32f4xx_hal_can.c.obj
                0x08001fb4                HAL_CAN_Init
 .text.HAL_CAN_TxMailbox0CompleteCallback
                0x08002100        0x2 CMakeFiles/bubing_RM2025.elf.dir/Drivers/STM32F4xx_HAL_Driver/Src/stm32f4xx_hal_can.c.obj
                0x08002100                HAL_CAN_TxMailbox0CompleteCallback
 .text.HAL_CAN_TxMailbox1CompleteCallback
                0x08002102        0x2 CMakeFiles/bubing_RM2025.elf.dir/Drivers/STM32F4xx_HAL_Driver/Src/stm32f4xx_hal_can.c.obj
                0x08002102                HAL_CAN_TxMailbox1CompleteCallback
 .text.HAL_CAN_TxMailbox2CompleteCallback
                0x08002104        0x2 CMakeFiles/bubing_RM2025.elf.dir/Drivers/STM32F4xx_HAL_Driver/Src/stm32f4xx_hal_can.c.obj
                0x08002104                HAL_CAN_TxMailbox2CompleteCallback
 .text.HAL_CAN_TxMailbox0AbortCallback
                0x08002106        0x2 CMakeFiles/bubing_RM2025.elf.dir/Drivers/STM32F4xx_HAL_Driver/Src/stm32f4xx_hal_can.c.obj
                0x08002106                HAL_CAN_TxMailbox0AbortCallback
 .text.HAL_CAN_TxMailbox1AbortCallback
                0x08002108        0x2 CMakeFiles/bubing_RM2025.elf.dir/Drivers/STM32F4xx_HAL_Driver/Src/stm32f4xx_hal_can.c.obj
                0x08002108                HAL_CAN_TxMailbox1AbortCallback
 .text.HAL_CAN_TxMailbox2AbortCallback
                0x0800210a        0x2 CMakeFiles/bubing_RM2025.elf.dir/Drivers/STM32F4xx_HAL_Driver/Src/stm32f4xx_hal_can.c.obj
                0x0800210a                HAL_CAN_TxMailbox2AbortCallback
 .text.HAL_CAN_RxFifo0MsgPendingCallback
                0x0800210c        0x2 CMakeFiles/bubing_RM2025.elf.dir/Drivers/STM32F4xx_HAL_Driver/Src/stm32f4xx_hal_can.c.obj
                0x0800210c                HAL_CAN_RxFifo0MsgPendingCallback
 .text.HAL_CAN_RxFifo0FullCallback
                0x0800210e        0x2 CMakeFiles/bubing_RM2025.elf.dir/Drivers/STM32F4xx_HAL_Driver/Src/stm32f4xx_hal_can.c.obj
                0x0800210e                HAL_CAN_RxFifo0FullCallback
 .text.HAL_CAN_RxFifo1MsgPendingCallback
                0x08002110        0x2 CMakeFiles/bubing_RM2025.elf.dir/Drivers/STM32F4xx_HAL_Driver/Src/stm32f4xx_hal_can.c.obj
                0x08002110                HAL_CAN_RxFifo1MsgPendingCallback
 .text.HAL_CAN_RxFifo1FullCallback
                0x08002112        0x2 CMakeFiles/bubing_RM2025.elf.dir/Drivers/STM32F4xx_HAL_Driver/Src/stm32f4xx_hal_can.c.obj
                0x08002112                HAL_CAN_RxFifo1FullCallback
 .text.HAL_CAN_SleepCallback
                0x08002114        0x2 CMakeFiles/bubing_RM2025.elf.dir/Drivers/STM32F4xx_HAL_Driver/Src/stm32f4xx_hal_can.c.obj
                0x08002114                HAL_CAN_SleepCallback
 .text.HAL_CAN_WakeUpFromRxMsgCallback
                0x08002116        0x2 CMakeFiles/bubing_RM2025.elf.dir/Drivers/STM32F4xx_HAL_Driver/Src/stm32f4xx_hal_can.c.obj
                0x08002116                HAL_CAN_WakeUpFromRxMsgCallback
 .text.HAL_CAN_ErrorCallback
                0x08002118        0x2 CMakeFiles/bubing_RM2025.elf.dir/Drivers/STM32F4xx_HAL_Driver/Src/stm32f4xx_hal_can.c.obj
                0x08002118                HAL_CAN_ErrorCallback
 .text.HAL_CAN_IRQHandler
                0x0800211a      0x250 CMakeFiles/bubing_RM2025.elf.dir/Drivers/STM32F4xx_HAL_Driver/Src/stm32f4xx_hal_can.c.obj
                0x0800211a                HAL_CAN_IRQHandler
 *fill*         0x0800236a        0x2 
 .text.__NVIC_EnableIRQ
                0x0800236c       0x1c CMakeFiles/bubing_RM2025.elf.dir/Drivers/STM32F4xx_HAL_Driver/Src/stm32f4xx_hal_cortex.c.obj
 .text.__NVIC_SetPriority
                0x08002388       0x28 CMakeFiles/bubing_RM2025.elf.dir/Drivers/STM32F4xx_HAL_Driver/Src/stm32f4xx_hal_cortex.c.obj
 .text.NVIC_EncodePriority
                0x080023b0       0x3e CMakeFiles/bubing_RM2025.elf.dir/Drivers/STM32F4xx_HAL_Driver/Src/stm32f4xx_hal_cortex.c.obj
 *fill*         0x080023ee        0x2 
 .text.HAL_NVIC_SetPriorityGrouping
                0x080023f0       0x24 CMakeFiles/bubing_RM2025.elf.dir/Drivers/STM32F4xx_HAL_Driver/Src/stm32f4xx_hal_cortex.c.obj
                0x080023f0                HAL_NVIC_SetPriorityGrouping
 .text.HAL_NVIC_SetPriority
                0x08002414       0x20 CMakeFiles/bubing_RM2025.elf.dir/Drivers/STM32F4xx_HAL_Driver/Src/stm32f4xx_hal_cortex.c.obj
                0x08002414                HAL_NVIC_SetPriority
 .text.HAL_NVIC_EnableIRQ
                0x08002434        0x8 CMakeFiles/bubing_RM2025.elf.dir/Drivers/STM32F4xx_HAL_Driver/Src/stm32f4xx_hal_cortex.c.obj
                0x08002434                HAL_NVIC_EnableIRQ
 .text.DMA_SetConfig
                0x0800243c       0x2c CMakeFiles/bubing_RM2025.elf.dir/Drivers/STM32F4xx_HAL_Driver/Src/stm32f4xx_hal_dma.c.obj
 .text.DMA_CalcBaseAndBitshift
                0x08002468       0x3c CMakeFiles/bubing_RM2025.elf.dir/Drivers/STM32F4xx_HAL_Driver/Src/stm32f4xx_hal_dma.c.obj
 .text.DMA_CheckFifoParam
                0x080024a4       0x8e CMakeFiles/bubing_RM2025.elf.dir/Drivers/STM32F4xx_HAL_Driver/Src/stm32f4xx_hal_dma.c.obj
 *fill*         0x08002532        0x2 
 .text.HAL_DMA_Init
                0x08002534       0xcc CMakeFiles/bubing_RM2025.elf.dir/Drivers/STM32F4xx_HAL_Driver/Src/stm32f4xx_hal_dma.c.obj
                0x08002534                HAL_DMA_Init
 .text.HAL_DMA_Start_IT
                0x08002600       0x6a CMakeFiles/bubing_RM2025.elf.dir/Drivers/STM32F4xx_HAL_Driver/Src/stm32f4xx_hal_dma.c.obj
                0x08002600                HAL_DMA_Start_IT
 .text.HAL_DMA_Abort
                0x0800266a       0x94 CMakeFiles/bubing_RM2025.elf.dir/Drivers/STM32F4xx_HAL_Driver/Src/stm32f4xx_hal_dma.c.obj
                0x0800266a                HAL_DMA_Abort
 .text.HAL_DMA_Abort_IT
                0x080026fe       0x26 CMakeFiles/bubing_RM2025.elf.dir/Drivers/STM32F4xx_HAL_Driver/Src/stm32f4xx_hal_dma.c.obj
                0x080026fe                HAL_DMA_Abort_IT
 .text.HAL_DMA_IRQHandler
                0x08002724      0x1dc CMakeFiles/bubing_RM2025.elf.dir/Drivers/STM32F4xx_HAL_Driver/Src/stm32f4xx_hal_dma.c.obj
                0x08002724                HAL_DMA_IRQHandler
 .text.HAL_GPIO_Init
                0x08002900      0x1ec CMakeFiles/bubing_RM2025.elf.dir/Drivers/STM32F4xx_HAL_Driver/Src/stm32f4xx_hal_gpio.c.obj
                0x08002900                HAL_GPIO_Init
 .text.HAL_GPIO_WritePin
                0x08002aec        0xc CMakeFiles/bubing_RM2025.elf.dir/Drivers/STM32F4xx_HAL_Driver/Src/stm32f4xx_hal_gpio.c.obj
                0x08002aec                HAL_GPIO_WritePin
 .text.HAL_GPIO_TogglePin
                0x08002af8       0x12 CMakeFiles/bubing_RM2025.elf.dir/Drivers/STM32F4xx_HAL_Driver/Src/stm32f4xx_hal_gpio.c.obj
                0x08002af8                HAL_GPIO_TogglePin
 *fill*         0x08002b0a        0x2 
 .text.HAL_RCC_OscConfig
                0x08002b0c      0x3f8 CMakeFiles/bubing_RM2025.elf.dir/Drivers/STM32F4xx_HAL_Driver/Src/stm32f4xx_hal_rcc.c.obj
                0x08002b0c                HAL_RCC_OscConfig
 .text.HAL_RCC_GetSysClockFreq
                0x08002f04       0xa8 CMakeFiles/bubing_RM2025.elf.dir/Drivers/STM32F4xx_HAL_Driver/Src/stm32f4xx_hal_rcc.c.obj
                0x08002f04                HAL_RCC_GetSysClockFreq
 .text.HAL_RCC_ClockConfig
                0x08002fac      0x160 CMakeFiles/bubing_RM2025.elf.dir/Drivers/STM32F4xx_HAL_Driver/Src/stm32f4xx_hal_rcc.c.obj
                0x08002fac                HAL_RCC_ClockConfig
 .text.HAL_RCC_GetHCLKFreq
                0x0800310c        0xc CMakeFiles/bubing_RM2025.elf.dir/Drivers/STM32F4xx_HAL_Driver/Src/stm32f4xx_hal_rcc.c.obj
                0x0800310c                HAL_RCC_GetHCLKFreq
 .text.HAL_RCC_GetPCLK1Freq
                0x08003118       0x20 CMakeFiles/bubing_RM2025.elf.dir/Drivers/STM32F4xx_HAL_Driver/Src/stm32f4xx_hal_rcc.c.obj
                0x08003118                HAL_RCC_GetPCLK1Freq
 .text.HAL_RCC_GetPCLK2Freq
                0x08003138       0x20 CMakeFiles/bubing_RM2025.elf.dir/Drivers/STM32F4xx_HAL_Driver/Src/stm32f4xx_hal_rcc.c.obj
                0x08003138                HAL_RCC_GetPCLK2Freq
 .text.HAL_RCC_GetClockConfig
                0x08003158       0x3c CMakeFiles/bubing_RM2025.elf.dir/Drivers/STM32F4xx_HAL_Driver/Src/stm32f4xx_hal_rcc.c.obj
                0x08003158                HAL_RCC_GetClockConfig
 .text.SPI_WaitFlagStateUntilTimeout
                0x08003194       0xc8 CMakeFiles/bubing_RM2025.elf.dir/Drivers/STM32F4xx_HAL_Driver/Src/stm32f4xx_hal_spi.c.obj
 .text.SPI_EndRxTxTransaction
                0x0800325c       0x80 CMakeFiles/bubing_RM2025.elf.dir/Drivers/STM32F4xx_HAL_Driver/Src/stm32f4xx_hal_spi.c.obj
 .text.HAL_SPI_Init
                0x080032dc       0xbe CMakeFiles/bubing_RM2025.elf.dir/Drivers/STM32F4xx_HAL_Driver/Src/stm32f4xx_hal_spi.c.obj
                0x080032dc                HAL_SPI_Init
 .text.HAL_SPI_TransmitReceive
                0x0800339a      0x254 CMakeFiles/bubing_RM2025.elf.dir/Drivers/STM32F4xx_HAL_Driver/Src/stm32f4xx_hal_spi.c.obj
                0x0800339a                HAL_SPI_TransmitReceive
 *fill*         0x080035ee        0x2 
 .text.TIM_OC1_SetConfig
                0x080035f0       0x70 CMakeFiles/bubing_RM2025.elf.dir/Drivers/STM32F4xx_HAL_Driver/Src/stm32f4xx_hal_tim.c.obj
 .text.TIM_OC3_SetConfig
                0x08003660       0x70 CMakeFiles/bubing_RM2025.elf.dir/Drivers/STM32F4xx_HAL_Driver/Src/stm32f4xx_hal_tim.c.obj
 .text.TIM_OC4_SetConfig
                0x080036d0       0x50 CMakeFiles/bubing_RM2025.elf.dir/Drivers/STM32F4xx_HAL_Driver/Src/stm32f4xx_hal_tim.c.obj
 .text.TIM_TI1_ConfigInputStage
                0x08003720       0x26 CMakeFiles/bubing_RM2025.elf.dir/Drivers/STM32F4xx_HAL_Driver/Src/stm32f4xx_hal_tim.c.obj
 .text.TIM_TI2_ConfigInputStage
                0x08003746       0x28 CMakeFiles/bubing_RM2025.elf.dir/Drivers/STM32F4xx_HAL_Driver/Src/stm32f4xx_hal_tim.c.obj
 .text.TIM_ITRx_SetConfig
                0x0800376e       0x10 CMakeFiles/bubing_RM2025.elf.dir/Drivers/STM32F4xx_HAL_Driver/Src/stm32f4xx_hal_tim.c.obj
 *fill*         0x0800377e        0x2 
 .text.HAL_TIM_Base_Start_IT
                0x08003780       0x88 CMakeFiles/bubing_RM2025.elf.dir/Drivers/STM32F4xx_HAL_Driver/Src/stm32f4xx_hal_tim.c.obj
                0x08003780                HAL_TIM_Base_Start_IT
 .text.HAL_TIM_PWM_MspInit
                0x08003808        0x2 CMakeFiles/bubing_RM2025.elf.dir/Drivers/STM32F4xx_HAL_Driver/Src/stm32f4xx_hal_tim.c.obj
                0x08003808                HAL_TIM_PWM_MspInit
 .text.HAL_TIM_OC_DelayElapsedCallback
                0x0800380a        0x2 CMakeFiles/bubing_RM2025.elf.dir/Drivers/STM32F4xx_HAL_Driver/Src/stm32f4xx_hal_tim.c.obj
                0x0800380a                HAL_TIM_OC_DelayElapsedCallback
 .text.HAL_TIM_IC_CaptureCallback
                0x0800380c        0x2 CMakeFiles/bubing_RM2025.elf.dir/Drivers/STM32F4xx_HAL_Driver/Src/stm32f4xx_hal_tim.c.obj
                0x0800380c                HAL_TIM_IC_CaptureCallback
 .text.HAL_TIM_PWM_PulseFinishedCallback
                0x0800380e        0x2 CMakeFiles/bubing_RM2025.elf.dir/Drivers/STM32F4xx_HAL_Driver/Src/stm32f4xx_hal_tim.c.obj
                0x0800380e                HAL_TIM_PWM_PulseFinishedCallback
 .text.HAL_TIM_TriggerCallback
                0x08003810        0x2 CMakeFiles/bubing_RM2025.elf.dir/Drivers/STM32F4xx_HAL_Driver/Src/stm32f4xx_hal_tim.c.obj
                0x08003810                HAL_TIM_TriggerCallback
 .text.HAL_TIM_IRQHandler
                0x08003812      0x15e CMakeFiles/bubing_RM2025.elf.dir/Drivers/STM32F4xx_HAL_Driver/Src/stm32f4xx_hal_tim.c.obj
                0x08003812                HAL_TIM_IRQHandler
 .text.TIM_Base_SetConfig
                0x08003970       0xd8 CMakeFiles/bubing_RM2025.elf.dir/Drivers/STM32F4xx_HAL_Driver/Src/stm32f4xx_hal_tim.c.obj
                0x08003970                TIM_Base_SetConfig
 .text.HAL_TIM_Base_Init
                0x08003a48       0x58 CMakeFiles/bubing_RM2025.elf.dir/Drivers/STM32F4xx_HAL_Driver/Src/stm32f4xx_hal_tim.c.obj
                0x08003a48                HAL_TIM_Base_Init
 .text.HAL_TIM_PWM_Init
                0x08003aa0       0x58 CMakeFiles/bubing_RM2025.elf.dir/Drivers/STM32F4xx_HAL_Driver/Src/stm32f4xx_hal_tim.c.obj
                0x08003aa0                HAL_TIM_PWM_Init
 .text.TIM_OC2_SetConfig
                0x08003af8       0x70 CMakeFiles/bubing_RM2025.elf.dir/Drivers/STM32F4xx_HAL_Driver/Src/stm32f4xx_hal_tim.c.obj
                0x08003af8                TIM_OC2_SetConfig
 .text.HAL_TIM_PWM_ConfigChannel
                0x08003b68       0xdc CMakeFiles/bubing_RM2025.elf.dir/Drivers/STM32F4xx_HAL_Driver/Src/stm32f4xx_hal_tim.c.obj
                0x08003b68                HAL_TIM_PWM_ConfigChannel
 .text.TIM_ETR_SetConfig
                0x08003c44       0x1a CMakeFiles/bubing_RM2025.elf.dir/Drivers/STM32F4xx_HAL_Driver/Src/stm32f4xx_hal_tim.c.obj
                0x08003c44                TIM_ETR_SetConfig
 .text.HAL_TIM_ConfigClockSource
                0x08003c5e       0xfe CMakeFiles/bubing_RM2025.elf.dir/Drivers/STM32F4xx_HAL_Driver/Src/stm32f4xx_hal_tim.c.obj
                0x08003c5e                HAL_TIM_ConfigClockSource
 .text.HAL_TIMEx_MasterConfigSynchronization
                0x08003d5c       0x8c CMakeFiles/bubing_RM2025.elf.dir/Drivers/STM32F4xx_HAL_Driver/Src/stm32f4xx_hal_tim_ex.c.obj
                0x08003d5c                HAL_TIMEx_MasterConfigSynchronization
 .text.HAL_TIMEx_ConfigBreakDeadTime
                0x08003de8       0x52 CMakeFiles/bubing_RM2025.elf.dir/Drivers/STM32F4xx_HAL_Driver/Src/stm32f4xx_hal_tim_ex.c.obj
                0x08003de8                HAL_TIMEx_ConfigBreakDeadTime
 .text.HAL_TIMEx_CommutCallback
                0x08003e3a        0x2 CMakeFiles/bubing_RM2025.elf.dir/Drivers/STM32F4xx_HAL_Driver/Src/stm32f4xx_hal_tim_ex.c.obj
                0x08003e3a                HAL_TIMEx_CommutCallback
 .text.HAL_TIMEx_BreakCallback
                0x08003e3c        0x2 CMakeFiles/bubing_RM2025.elf.dir/Drivers/STM32F4xx_HAL_Driver/Src/stm32f4xx_hal_tim_ex.c.obj
                0x08003e3c                HAL_TIMEx_BreakCallback
 .text.UART_EndTxTransfer
                0x08003e3e       0x20 CMakeFiles/bubing_RM2025.elf.dir/Drivers/STM32F4xx_HAL_Driver/Src/stm32f4xx_hal_uart.c.obj
 .text.UART_EndRxTransfer
                0x08003e5e       0x5c CMakeFiles/bubing_RM2025.elf.dir/Drivers/STM32F4xx_HAL_Driver/Src/stm32f4xx_hal_uart.c.obj
 .text.UART_Transmit_IT
                0x08003eba       0x60 CMakeFiles/bubing_RM2025.elf.dir/Drivers/STM32F4xx_HAL_Driver/Src/stm32f4xx_hal_uart.c.obj
 *fill*         0x08003f1a        0x2 
 .text.UART_SetConfig
                0x08003f1c      0x110 CMakeFiles/bubing_RM2025.elf.dir/Drivers/STM32F4xx_HAL_Driver/Src/stm32f4xx_hal_uart.c.obj
 .text.UART_WaitOnFlagUntilTimeout
                0x0800402c       0x86 CMakeFiles/bubing_RM2025.elf.dir/Drivers/STM32F4xx_HAL_Driver/Src/stm32f4xx_hal_uart.c.obj
 .text.HAL_UART_Init
                0x080040b2       0x60 CMakeFiles/bubing_RM2025.elf.dir/Drivers/STM32F4xx_HAL_Driver/Src/stm32f4xx_hal_uart.c.obj
                0x080040b2                HAL_UART_Init
 .text.HAL_UART_Transmit
                0x08004112       0xcc CMakeFiles/bubing_RM2025.elf.dir/Drivers/STM32F4xx_HAL_Driver/Src/stm32f4xx_hal_uart.c.obj
                0x08004112                HAL_UART_Transmit
 .text.HAL_UART_TxCpltCallback
                0x080041de        0x2 CMakeFiles/bubing_RM2025.elf.dir/Drivers/STM32F4xx_HAL_Driver/Src/stm32f4xx_hal_uart.c.obj
                0x080041de                HAL_UART_TxCpltCallback
 .text.UART_EndTransmit_IT
                0x080041e0       0x1a CMakeFiles/bubing_RM2025.elf.dir/Drivers/STM32F4xx_HAL_Driver/Src/stm32f4xx_hal_uart.c.obj
 .text.HAL_UART_RxHalfCpltCallback
                0x080041fa        0x2 CMakeFiles/bubing_RM2025.elf.dir/Drivers/STM32F4xx_HAL_Driver/Src/stm32f4xx_hal_uart.c.obj
                0x080041fa                HAL_UART_RxHalfCpltCallback
 .text.HAL_UART_ErrorCallback
                0x080041fc        0x2 CMakeFiles/bubing_RM2025.elf.dir/Drivers/STM32F4xx_HAL_Driver/Src/stm32f4xx_hal_uart.c.obj
                0x080041fc                HAL_UART_ErrorCallback
 .text.UART_DMAError
                0x080041fe       0x58 CMakeFiles/bubing_RM2025.elf.dir/Drivers/STM32F4xx_HAL_Driver/Src/stm32f4xx_hal_uart.c.obj
 .text.UART_DMAAbortOnError
                0x08004256       0x10 CMakeFiles/bubing_RM2025.elf.dir/Drivers/STM32F4xx_HAL_Driver/Src/stm32f4xx_hal_uart.c.obj
 .text.HAL_UARTEx_RxEventCallback
                0x08004266        0x2 CMakeFiles/bubing_RM2025.elf.dir/Drivers/STM32F4xx_HAL_Driver/Src/stm32f4xx_hal_uart.c.obj
                0x08004266                HAL_UARTEx_RxEventCallback
 .text.UART_Receive_IT
                0x08004268       0xe6 CMakeFiles/bubing_RM2025.elf.dir/Drivers/STM32F4xx_HAL_Driver/Src/stm32f4xx_hal_uart.c.obj
 *fill*         0x0800434e        0x2 
 .text.HAL_UART_IRQHandler
                0x08004350      0x284 CMakeFiles/bubing_RM2025.elf.dir/Drivers/STM32F4xx_HAL_Driver/Src/stm32f4xx_hal_uart.c.obj
                0x08004350                HAL_UART_IRQHandler
 .text.UART_DMARxHalfCplt
                0x080045d4       0x1e CMakeFiles/bubing_RM2025.elf.dir/Drivers/STM32F4xx_HAL_Driver/Src/stm32f4xx_hal_uart.c.obj
 .text.UART_DMAReceiveCplt
                0x080045f2       0x9a CMakeFiles/bubing_RM2025.elf.dir/Drivers/STM32F4xx_HAL_Driver/Src/stm32f4xx_hal_uart.c.obj
 .text.UART_Start_Receive_DMA
                0x0800468c       0xa4 CMakeFiles/bubing_RM2025.elf.dir/Drivers/STM32F4xx_HAL_Driver/Src/stm32f4xx_hal_uart.c.obj
                0x0800468c                UART_Start_Receive_DMA
 .text.HAL_UART_Receive_DMA
                0x08004730       0x26 CMakeFiles/bubing_RM2025.elf.dir/Drivers/STM32F4xx_HAL_Driver/Src/stm32f4xx_hal_uart.c.obj
                0x08004730                HAL_UART_Receive_DMA
 .text.makeFreeRtosPriority
                0x08004756        0xc CMakeFiles/bubing_RM2025.elf.dir/Middlewares/Third_Party/FreeRTOS/Source/CMSIS_RTOS/cmsis_os.c.obj
 .text.osKernelStart
                0x08004762        0xa CMakeFiles/bubing_RM2025.elf.dir/Middlewares/Third_Party/FreeRTOS/Source/CMSIS_RTOS/cmsis_os.c.obj
                0x08004762                osKernelStart
 .text.osThreadCreate
                0x0800476c       0x66 CMakeFiles/bubing_RM2025.elf.dir/Middlewares/Third_Party/FreeRTOS/Source/CMSIS_RTOS/cmsis_os.c.obj
                0x0800476c                osThreadCreate
 .text.osDelay  0x080047d2        0xe CMakeFiles/bubing_RM2025.elf.dir/Middlewares/Third_Party/FreeRTOS/Source/CMSIS_RTOS/cmsis_os.c.obj
                0x080047d2                osDelay
 .text.vListInitialise
                0x080047e0       0x16 CMakeFiles/bubing_RM2025.elf.dir/Middlewares/Third_Party/FreeRTOS/Source/list.c.obj
                0x080047e0                vListInitialise
 .text.vListInitialiseItem
                0x080047f6        0x6 CMakeFiles/bubing_RM2025.elf.dir/Middlewares/Third_Party/FreeRTOS/Source/list.c.obj
                0x080047f6                vListInitialiseItem
 .text.vListInsertEnd
                0x080047fc       0x16 CMakeFiles/bubing_RM2025.elf.dir/Middlewares/Third_Party/FreeRTOS/Source/list.c.obj
                0x080047fc                vListInsertEnd
 .text.vListInsert
                0x08004812       0x32 CMakeFiles/bubing_RM2025.elf.dir/Middlewares/Third_Party/FreeRTOS/Source/list.c.obj
                0x08004812                vListInsert
 .text.uxListRemove
                0x08004844       0x26 CMakeFiles/bubing_RM2025.elf.dir/Middlewares/Third_Party/FreeRTOS/Source/list.c.obj
                0x08004844                uxListRemove
 *fill*         0x0800486a        0x2 
 .text.prvTaskExitError
                0x0800486c       0x40 CMakeFiles/bubing_RM2025.elf.dir/Middlewares/Third_Party/FreeRTOS/Source/portable/GCC/ARM_CM4F/port.c.obj
 .text.prvPortStartFirstTask
                0x080048ac       0x28 CMakeFiles/bubing_RM2025.elf.dir/Middlewares/Third_Party/FreeRTOS/Source/portable/GCC/ARM_CM4F/port.c.obj
 .text.vPortEnableVFP
                0x080048d4       0x14 CMakeFiles/bubing_RM2025.elf.dir/Middlewares/Third_Party/FreeRTOS/Source/portable/GCC/ARM_CM4F/port.c.obj
 .text.pxPortInitialiseStack
                0x080048e8       0x2c CMakeFiles/bubing_RM2025.elf.dir/Middlewares/Third_Party/FreeRTOS/Source/portable/GCC/ARM_CM4F/port.c.obj
                0x080048e8                pxPortInitialiseStack
 *fill*         0x08004914        0xc 
 .text.SVC_Handler
                0x08004920       0x24 CMakeFiles/bubing_RM2025.elf.dir/Middlewares/Third_Party/FreeRTOS/Source/portable/GCC/ARM_CM4F/port.c.obj
                0x08004920                SVC_Handler
 .text.vPortEnterCritical
                0x08004944       0x44 CMakeFiles/bubing_RM2025.elf.dir/Middlewares/Third_Party/FreeRTOS/Source/portable/GCC/ARM_CM4F/port.c.obj
                0x08004944                vPortEnterCritical
 .text.vPortExitCritical
                0x08004988       0x2c CMakeFiles/bubing_RM2025.elf.dir/Middlewares/Third_Party/FreeRTOS/Source/portable/GCC/ARM_CM4F/port.c.obj
                0x08004988                vPortExitCritical
 *fill*         0x080049b4        0xc 
 .text.PendSV_Handler
                0x080049c0       0x64 CMakeFiles/bubing_RM2025.elf.dir/Middlewares/Third_Party/FreeRTOS/Source/portable/GCC/ARM_CM4F/port.c.obj
                0x080049c0                PendSV_Handler
 .text.SysTick_Handler
                0x08004a24       0x2c CMakeFiles/bubing_RM2025.elf.dir/Middlewares/Third_Party/FreeRTOS/Source/portable/GCC/ARM_CM4F/port.c.obj
                0x08004a24                SysTick_Handler
 .text.vPortSetupTimerInterrupt
                0x08004a50       0x28 CMakeFiles/bubing_RM2025.elf.dir/Middlewares/Third_Party/FreeRTOS/Source/portable/GCC/ARM_CM4F/port.c.obj
                0x08004a50                vPortSetupTimerInterrupt
 .text.xPortStartScheduler
                0x08004a78      0x118 CMakeFiles/bubing_RM2025.elf.dir/Middlewares/Third_Party/FreeRTOS/Source/portable/GCC/ARM_CM4F/port.c.obj
                0x08004a78                xPortStartScheduler
 .text.prvHeapInit
                0x08004b90       0x64 CMakeFiles/bubing_RM2025.elf.dir/Middlewares/Third_Party/FreeRTOS/Source/portable/MemMang/heap_4.c.obj
 .text.prvInsertBlockIntoFreeList
                0x08004bf4       0x64 CMakeFiles/bubing_RM2025.elf.dir/Middlewares/Third_Party/FreeRTOS/Source/portable/MemMang/heap_4.c.obj
 .text.pvPortMalloc
                0x08004c58      0x104 CMakeFiles/bubing_RM2025.elf.dir/Middlewares/Third_Party/FreeRTOS/Source/portable/MemMang/heap_4.c.obj
                0x08004c58                pvPortMalloc
 .text.vPortFree
                0x08004d5c       0x7c CMakeFiles/bubing_RM2025.elf.dir/Middlewares/Third_Party/FreeRTOS/Source/portable/MemMang/heap_4.c.obj
                0x08004d5c                vPortFree
 .text.prvResetNextTaskUnblockTime
                0x08004dd8       0x2c CMakeFiles/bubing_RM2025.elf.dir/Middlewares/Third_Party/FreeRTOS/Source/tasks.c.obj
 .text.prvInitialiseNewTask
                0x08004e04       0xfc CMakeFiles/bubing_RM2025.elf.dir/Middlewares/Third_Party/FreeRTOS/Source/tasks.c.obj
 .text.prvInitialiseTaskLists
                0x08004f00       0x68 CMakeFiles/bubing_RM2025.elf.dir/Middlewares/Third_Party/FreeRTOS/Source/tasks.c.obj
 .text.prvAddNewTaskToReadyList
                0x08004f68       0xa8 CMakeFiles/bubing_RM2025.elf.dir/Middlewares/Third_Party/FreeRTOS/Source/tasks.c.obj
 .text.prvDeleteTCB
                0x08005010       0x40 CMakeFiles/bubing_RM2025.elf.dir/Middlewares/Third_Party/FreeRTOS/Source/tasks.c.obj
 .text.prvCheckTasksWaitingTermination
                0x08005050       0x4c CMakeFiles/bubing_RM2025.elf.dir/Middlewares/Third_Party/FreeRTOS/Source/tasks.c.obj
 .text.prvIdleTask
                0x0800509c       0x28 CMakeFiles/bubing_RM2025.elf.dir/Middlewares/Third_Party/FreeRTOS/Source/tasks.c.obj
 .text.prvAddCurrentTaskToDelayedList
                0x080050c4       0x98 CMakeFiles/bubing_RM2025.elf.dir/Middlewares/Third_Party/FreeRTOS/Source/tasks.c.obj
 .text.xTaskCreateStatic
                0x0800515c       0x7a CMakeFiles/bubing_RM2025.elf.dir/Middlewares/Third_Party/FreeRTOS/Source/tasks.c.obj
                0x0800515c                xTaskCreateStatic
 .text.xTaskCreate
                0x080051d6       0x66 CMakeFiles/bubing_RM2025.elf.dir/Middlewares/Third_Party/FreeRTOS/Source/tasks.c.obj
                0x080051d6                xTaskCreate
 .text.vTaskStartScheduler
                0x0800523c       0x84 CMakeFiles/bubing_RM2025.elf.dir/Middlewares/Third_Party/FreeRTOS/Source/tasks.c.obj
                0x0800523c                vTaskStartScheduler
 .text.vTaskSuspendAll
                0x080052c0       0x10 CMakeFiles/bubing_RM2025.elf.dir/Middlewares/Third_Party/FreeRTOS/Source/tasks.c.obj
                0x080052c0                vTaskSuspendAll
 .text.xTaskIncrementTick
                0x080052d0      0x118 CMakeFiles/bubing_RM2025.elf.dir/Middlewares/Third_Party/FreeRTOS/Source/tasks.c.obj
                0x080052d0                xTaskIncrementTick
 .text.xTaskResumeAll
                0x080053e8       0xf8 CMakeFiles/bubing_RM2025.elf.dir/Middlewares/Third_Party/FreeRTOS/Source/tasks.c.obj
                0x080053e8                xTaskResumeAll
 .text.vTaskDelay
                0x080054e0       0x4c CMakeFiles/bubing_RM2025.elf.dir/Middlewares/Third_Party/FreeRTOS/Source/tasks.c.obj
                0x080054e0                vTaskDelay
 .text.vTaskSwitchContext
                0x0800552c       0xa4 CMakeFiles/bubing_RM2025.elf.dir/Middlewares/Third_Party/FreeRTOS/Source/tasks.c.obj
                0x0800552c                vTaskSwitchContext
 .text.BMI088_GPIO_init
                0x080055d0        0x2 CMakeFiles/bubing_RM2025.elf.dir/code_mf/Src/BMI088Middleware.c.obj
                0x080055d0                BMI088_GPIO_init
 .text.BMI088_com_init
                0x080055d2        0x2 CMakeFiles/bubing_RM2025.elf.dir/code_mf/Src/BMI088Middleware.c.obj
                0x080055d2                BMI088_com_init
 .text.BMI088_delay_us
                0x080055d4       0x16 CMakeFiles/bubing_RM2025.elf.dir/code_mf/Src/BMI088Middleware.c.obj
                0x080055d4                BMI088_delay_us
 .text.BMI088_delay_ms
                0x080055ea       0x18 CMakeFiles/bubing_RM2025.elf.dir/code_mf/Src/BMI088Middleware.c.obj
                0x080055ea                BMI088_delay_ms
 *fill*         0x08005602        0x2 
 .text.BMI088_ACCEL_NS_L
                0x08005604       0x14 CMakeFiles/bubing_RM2025.elf.dir/code_mf/Src/BMI088Middleware.c.obj
                0x08005604                BMI088_ACCEL_NS_L
 .text.BMI088_ACCEL_NS_H
                0x08005618       0x14 CMakeFiles/bubing_RM2025.elf.dir/code_mf/Src/BMI088Middleware.c.obj
                0x08005618                BMI088_ACCEL_NS_H
 .text.BMI088_GYRO_NS_L
                0x0800562c       0x14 CMakeFiles/bubing_RM2025.elf.dir/code_mf/Src/BMI088Middleware.c.obj
                0x0800562c                BMI088_GYRO_NS_L
 .text.BMI088_GYRO_NS_H
                0x08005640       0x14 CMakeFiles/bubing_RM2025.elf.dir/code_mf/Src/BMI088Middleware.c.obj
                0x08005640                BMI088_GYRO_NS_H
 .text.BMI088_read_write_byte
                0x08005654       0x2c CMakeFiles/bubing_RM2025.elf.dir/code_mf/Src/BMI088Middleware.c.obj
                0x08005654                BMI088_read_write_byte
 .text.BMI088_write_single_reg
                0x08005680       0x10 CMakeFiles/bubing_RM2025.elf.dir/code_mf/Src/BMI088driver.c.obj
 .text.BMI088_read_single_reg
                0x08005690       0x16 CMakeFiles/bubing_RM2025.elf.dir/code_mf/Src/BMI088driver.c.obj
 .text.BMI088_read_muli_reg
                0x080056a6       0x24 CMakeFiles/bubing_RM2025.elf.dir/code_mf/Src/BMI088driver.c.obj
 *fill*         0x080056ca        0x2 
 .text.bmi088_accel_init
                0x080056cc      0x10c CMakeFiles/bubing_RM2025.elf.dir/code_mf/Src/BMI088driver.c.obj
                0x080056cc                bmi088_accel_init
 .text.bmi088_gyro_init
                0x080057d8       0xf0 CMakeFiles/bubing_RM2025.elf.dir/code_mf/Src/BMI088driver.c.obj
                0x080057d8                bmi088_gyro_init
 .text.BMI088_init
                0x080058c8       0x1a CMakeFiles/bubing_RM2025.elf.dir/code_mf/Src/BMI088driver.c.obj
                0x080058c8                BMI088_init
 *fill*         0x080058e2        0x2 
 .text.BMI088_read
                0x080058e4      0x164 CMakeFiles/bubing_RM2025.elf.dir/code_mf/Src/BMI088driver.c.obj
                0x080058e4                BMI088_read
 .text.IMU_DATA_GET
                0x08005a48       0xfc CMakeFiles/bubing_RM2025.elf.dir/code_mf/Src/IMU_DATA_GET.c.obj
                0x08005a48                IMU_DATA_GET
 .text.invSqrt  0x08005b44       0x30 CMakeFiles/bubing_RM2025.elf.dir/code_mf/Src/MahonyAHRS.c.obj
                0x08005b44                invSqrt
 .text.MahonyAHRSupdateIMU
                0x08005b74      0x268 CMakeFiles/bubing_RM2025.elf.dir/code_mf/Src/MahonyAHRS.c.obj
                0x08005b74                MahonyAHRSupdateIMU
 .text.MahonyAHRSupdate
                0x08005ddc      0x3e4 CMakeFiles/bubing_RM2025.elf.dir/code_mf/Src/MahonyAHRS.c.obj
                0x08005ddc                MahonyAHRSupdate
 .text.get_angle
                0x080061c0       0xbc CMakeFiles/bubing_RM2025.elf.dir/code_mf/Src/MahonyAHRS.c.obj
                0x080061c0                get_angle
 .text.board_LED
                0x0800627c       0x40 CMakeFiles/bubing_RM2025.elf.dir/code_mf/Src/board_LED.c.obj
                0x0800627c                board_LED
 .text.uart1_send_str
                0x080062bc       0x1c CMakeFiles/bubing_RM2025.elf.dir/code_mf/Src/bus_servo.c.obj
                0x080062bc                uart1_send_str
 .text.servo_data_get
                0x080062d8       0x30 CMakeFiles/bubing_RM2025.elf.dir/code_mf/Src/bus_servo.c.obj
                0x080062d8                servo_data_get
 .text.error_detection
                0x08006308        0xa CMakeFiles/bubing_RM2025.elf.dir/code_mf/Src/error_detection.c.obj
                0x08006308                error_detection
 .text.refree_task
                0x08006312        0xa CMakeFiles/bubing_RM2025.elf.dir/code_mf/Src/refree_task.c.obj
                0x08006312                refree_task
 .text.HAL_UART_RxCpltCallback
                0x0800631c       0xb0 CMakeFiles/bubing_RM2025.elf.dir/code_mf/Src/uart_callback.c.obj
                0x0800631c                HAL_UART_RxCpltCallback
 .text.usart6_printf
                0x080063cc       0x40 CMakeFiles/bubing_RM2025.elf.dir/code_mf/Src/uart_printf.c.obj
                0x080063cc                usart6_printf
 .text.uart_sent_debug
                0x0800640c       0x4c CMakeFiles/bubing_RM2025.elf.dir/code_mf/Src/uart_sent.c.obj
                0x0800640c                uart_sent_debug
 .text.servo_uart_sent
                0x08006458       0x44 CMakeFiles/bubing_RM2025.elf.dir/code_mf/Src/uart_sent.c.obj
                0x08006458                servo_uart_sent
 .text.__udivmoddi4
                0x0800649c      0x2bc C:/CLionToolchains/gcc-arm-none-eabi-10.3-2021.10/bin/../lib/gcc/arm-none-eabi/13.3.1/thumb/v7e-m+fp/hard\libgcc.a(_udivmoddi4.o)
                0x0800649c                __udivmoddi4
 .text.stdio_exit_handler
                0x08006758       0x18 C:/CLionToolchains/gcc-arm-none-eabi-10.3-2021.10/bin/../lib/gcc/arm-none-eabi/13.3.1/thumb/v7e-m+fp/hard\libg.a(libc_a-findfp.o)
 .text.cleanup_stdio
                0x08006770       0x40 C:/CLionToolchains/gcc-arm-none-eabi-10.3-2021.10/bin/../lib/gcc/arm-none-eabi/13.3.1/thumb/v7e-m+fp/hard\libg.a(libc_a-findfp.o)
 .text.global_stdio_init.part.0
                0x080067b0       0xf0 C:/CLionToolchains/gcc-arm-none-eabi-10.3-2021.10/bin/../lib/gcc/arm-none-eabi/13.3.1/thumb/v7e-m+fp/hard\libg.a(libc_a-findfp.o)
 .text.__sinit  0x080068a0       0x3c C:/CLionToolchains/gcc-arm-none-eabi-10.3-2021.10/bin/../lib/gcc/arm-none-eabi/13.3.1/thumb/v7e-m+fp/hard\libg.a(libc_a-findfp.o)
                0x080068a0                __sinit
 .text.__sfp_lock_acquire
                0x080068dc        0xc C:/CLionToolchains/gcc-arm-none-eabi-10.3-2021.10/bin/../lib/gcc/arm-none-eabi/13.3.1/thumb/v7e-m+fp/hard\libg.a(libc_a-findfp.o)
                0x080068dc                __sfp_lock_acquire
 .text.__sfp_lock_release
                0x080068e8        0xc C:/CLionToolchains/gcc-arm-none-eabi-10.3-2021.10/bin/../lib/gcc/arm-none-eabi/13.3.1/thumb/v7e-m+fp/hard\libg.a(libc_a-findfp.o)
                0x080068e8                __sfp_lock_release
 .text._fwalk_sglue
                0x080068f4       0x44 C:/CLionToolchains/gcc-arm-none-eabi-10.3-2021.10/bin/../lib/gcc/arm-none-eabi/13.3.1/thumb/v7e-m+fp/hard\libg.a(libc_a-fwalk.o)
                0x080068f4                _fwalk_sglue
 .text.__sread  0x08006938       0x24 C:/CLionToolchains/gcc-arm-none-eabi-10.3-2021.10/bin/../lib/gcc/arm-none-eabi/13.3.1/thumb/v7e-m+fp/hard\libg.a(libc_a-stdio.o)
                0x08006938                __sread
 .text.__swrite
                0x0800695c       0x40 C:/CLionToolchains/gcc-arm-none-eabi-10.3-2021.10/bin/../lib/gcc/arm-none-eabi/13.3.1/thumb/v7e-m+fp/hard\libg.a(libc_a-stdio.o)
                0x0800695c                __swrite
 .text.__sseek  0x0800699c       0x24 C:/CLionToolchains/gcc-arm-none-eabi-10.3-2021.10/bin/../lib/gcc/arm-none-eabi/13.3.1/thumb/v7e-m+fp/hard\libg.a(libc_a-stdio.o)
                0x0800699c                __sseek
 .text.__sclose
                0x080069c0        0x8 C:/CLionToolchains/gcc-arm-none-eabi-10.3-2021.10/bin/../lib/gcc/arm-none-eabi/13.3.1/thumb/v7e-m+fp/hard\libg.a(libc_a-stdio.o)
                0x080069c0                __sclose
 .text.vsprintf
                0x080069c8       0x38 C:/CLionToolchains/gcc-arm-none-eabi-10.3-2021.10/bin/../lib/gcc/arm-none-eabi/13.3.1/thumb/v7e-m+fp/hard\libg.a(libc_a-vsprintf.o)
                0x080069c8                vsprintf
 .text.memset   0x08006a00       0xa4 C:/CLionToolchains/gcc-arm-none-eabi-10.3-2021.10/bin/../lib/gcc/arm-none-eabi/13.3.1/thumb/v7e-m+fp/hard\libg.a(libc_a-memset.o)
                0x08006a00                memset
 .text._close_r
                0x08006aa4       0x24 C:/CLionToolchains/gcc-arm-none-eabi-10.3-2021.10/bin/../lib/gcc/arm-none-eabi/13.3.1/thumb/v7e-m+fp/hard\libg.a(libc_a-closer.o)
                0x08006aa4                _close_r
 .text._reclaim_reent
                0x08006ac8       0x6c C:/CLionToolchains/gcc-arm-none-eabi-10.3-2021.10/bin/../lib/gcc/arm-none-eabi/13.3.1/thumb/v7e-m+fp/hard\libg.a(libc_a-reent.o)
                0x08006ac8                _reclaim_reent
 .text._lseek_r
                0x08006b34       0x2c C:/CLionToolchains/gcc-arm-none-eabi-10.3-2021.10/bin/../lib/gcc/arm-none-eabi/13.3.1/thumb/v7e-m+fp/hard\libg.a(libc_a-lseekr.o)
                0x08006b34                _lseek_r
 .text._read_r  0x08006b60       0x2c C:/CLionToolchains/gcc-arm-none-eabi-10.3-2021.10/bin/../lib/gcc/arm-none-eabi/13.3.1/thumb/v7e-m+fp/hard\libg.a(libc_a-readr.o)
                0x08006b60                _read_r
 .text._write_r
                0x08006b8c       0x2c C:/CLionToolchains/gcc-arm-none-eabi-10.3-2021.10/bin/../lib/gcc/arm-none-eabi/13.3.1/thumb/v7e-m+fp/hard\libg.a(libc_a-writer.o)
                0x08006b8c                _write_r
 .text.__errno  0x08006bb8        0xc C:/CLionToolchains/gcc-arm-none-eabi-10.3-2021.10/bin/../lib/gcc/arm-none-eabi/13.3.1/thumb/v7e-m+fp/hard\libg.a(libc_a-errno.o)
                0x08006bb8                __errno
 .text.__libc_init_array
                0x08006bc4       0x50 C:/CLionToolchains/gcc-arm-none-eabi-10.3-2021.10/bin/../lib/gcc/arm-none-eabi/13.3.1/thumb/v7e-m+fp/hard\libg.a(libc_a-init.o)
                0x08006bc4                __libc_init_array
 .text.__retarget_lock_init_recursive
                0x08006c14        0x4 C:/CLionToolchains/gcc-arm-none-eabi-10.3-2021.10/bin/../lib/gcc/arm-none-eabi/13.3.1/thumb/v7e-m+fp/hard\libg.a(libc_a-lock.o)
                0x08006c14                __retarget_lock_init_recursive
 .text.__retarget_lock_close_recursive
                0x08006c18        0x4 C:/CLionToolchains/gcc-arm-none-eabi-10.3-2021.10/bin/../lib/gcc/arm-none-eabi/13.3.1/thumb/v7e-m+fp/hard\libg.a(libc_a-lock.o)
                0x08006c18                __retarget_lock_close_recursive
 .text.__retarget_lock_acquire_recursive
                0x08006c1c        0x4 C:/CLionToolchains/gcc-arm-none-eabi-10.3-2021.10/bin/../lib/gcc/arm-none-eabi/13.3.1/thumb/v7e-m+fp/hard\libg.a(libc_a-lock.o)
                0x08006c1c                __retarget_lock_acquire_recursive
 .text.__retarget_lock_release_recursive
                0x08006c20        0x4 C:/CLionToolchains/gcc-arm-none-eabi-10.3-2021.10/bin/../lib/gcc/arm-none-eabi/13.3.1/thumb/v7e-m+fp/hard\libg.a(libc_a-lock.o)
                0x08006c20                __retarget_lock_release_recursive
 .text.startup.register_fini
                0x08006c24       0x14 C:/CLionToolchains/gcc-arm-none-eabi-10.3-2021.10/bin/../lib/gcc/arm-none-eabi/13.3.1/thumb/v7e-m+fp/hard\libg.a(libc_a-__call_atexit.o)
 .text.atexit   0x08006c38        0xc C:/CLionToolchains/gcc-arm-none-eabi-10.3-2021.10/bin/../lib/gcc/arm-none-eabi/13.3.1/thumb/v7e-m+fp/hard\libg.a(libc_a-atexit.o)
                0x08006c38                atexit
 .text._malloc_trim_r
                0x08006c44       0xb8 C:/CLionToolchains/gcc-arm-none-eabi-10.3-2021.10/bin/../lib/gcc/arm-none-eabi/13.3.1/thumb/v7e-m+fp/hard\libg.a(libc_a-freer.o)
                0x08006c44                _malloc_trim_r
 .text._free_r  0x08006cfc      0x1f8 C:/CLionToolchains/gcc-arm-none-eabi-10.3-2021.10/bin/../lib/gcc/arm-none-eabi/13.3.1/thumb/v7e-m+fp/hard\libg.a(libc_a-freer.o)
                0x08006cfc                _free_r
 .text._malloc_r
                0x08006ef4      0x564 C:/CLionToolchains/gcc-arm-none-eabi-10.3-2021.10/bin/../lib/gcc/arm-none-eabi/13.3.1/thumb/v7e-m+fp/hard\libg.a(libc_a-mallocr.o)
                0x08006ef4                _malloc_r
 .text.__malloc_lock
                0x08007458        0xc C:/CLionToolchains/gcc-arm-none-eabi-10.3-2021.10/bin/../lib/gcc/arm-none-eabi/13.3.1/thumb/v7e-m+fp/hard\libg.a(libc_a-mlock.o)
                0x08007458                __malloc_lock
 .text.__malloc_unlock
                0x08007464        0xc C:/CLionToolchains/gcc-arm-none-eabi-10.3-2021.10/bin/../lib/gcc/arm-none-eabi/13.3.1/thumb/v7e-m+fp/hard\libg.a(libc_a-mlock.o)
                0x08007464                __malloc_unlock
 .text._svfprintf_r
                0x08007470     0x1b3c C:/CLionToolchains/gcc-arm-none-eabi-10.3-2021.10/bin/../lib/gcc/arm-none-eabi/13.3.1/thumb/v7e-m+fp/hard\libg.a(libc_a-svfprintf.o)
                0x08007470                _svfprintf_r
 .text.__ssprint_r
                0x08008fac       0x58 C:/CLionToolchains/gcc-arm-none-eabi-10.3-2021.10/bin/../lib/gcc/arm-none-eabi/13.3.1/thumb/v7e-m+fp/hard\libg.a(libc_a-ssprint_r.o)
                0x08008fac                __ssprint_r
 .text._fclose_r
                0x08009004       0xc0 C:/CLionToolchains/gcc-arm-none-eabi-10.3-2021.10/bin/../lib/gcc/arm-none-eabi/13.3.1/thumb/v7e-m+fp/hard\libg.a(libc_a-fclose.o)
                0x08009004                _fclose_r
 .text.__sflush_r
                0x080090c4      0x138 C:/CLionToolchains/gcc-arm-none-eabi-10.3-2021.10/bin/../lib/gcc/arm-none-eabi/13.3.1/thumb/v7e-m+fp/hard\libg.a(libc_a-fflush.o)
                0x080090c4                __sflush_r
 .text._fflush_r
                0x080091fc       0x54 C:/CLionToolchains/gcc-arm-none-eabi-10.3-2021.10/bin/../lib/gcc/arm-none-eabi/13.3.1/thumb/v7e-m+fp/hard\libg.a(libc_a-fflush.o)
                0x080091fc                _fflush_r
 .text.strncpy  0x08009250       0x68 C:/CLionToolchains/gcc-arm-none-eabi-10.3-2021.10/bin/../lib/gcc/arm-none-eabi/13.3.1/thumb/v7e-m+fp/hard\libg.a(libc_a-strncpy.o)
                0x08009250                strncpy
 .text.__locale_mb_cur_max
                0x080092b8        0xc C:/CLionToolchains/gcc-arm-none-eabi-10.3-2021.10/bin/../lib/gcc/arm-none-eabi/13.3.1/thumb/v7e-m+fp/hard\libg.a(libc_a-locale.o)
                0x080092b8                __locale_mb_cur_max
 .text._localeconv_r
                0x080092c4        0x8 C:/CLionToolchains/gcc-arm-none-eabi-10.3-2021.10/bin/../lib/gcc/arm-none-eabi/13.3.1/thumb/v7e-m+fp/hard\libg.a(libc_a-localeconv.o)
                0x080092c4                _localeconv_r
 .text._sbrk_r  0x080092cc       0x24 C:/CLionToolchains/gcc-arm-none-eabi-10.3-2021.10/bin/../lib/gcc/arm-none-eabi/13.3.1/thumb/v7e-m+fp/hard\libg.a(libc_a-sbrkr.o)
                0x080092cc                _sbrk_r
 .text.__libc_fini_array
                0x080092f0       0x28 C:/CLionToolchains/gcc-arm-none-eabi-10.3-2021.10/bin/../lib/gcc/arm-none-eabi/13.3.1/thumb/v7e-m+fp/hard\libg.a(libc_a-fini.o)
                0x080092f0                __libc_fini_array
 .text.sysconf  0x08009318       0x1c C:/CLionToolchains/gcc-arm-none-eabi-10.3-2021.10/bin/../lib/gcc/arm-none-eabi/13.3.1/thumb/v7e-m+fp/hard\libg.a(libc_a-sysconf.o)
                0x08009318                sysconf
 .text.frexp    0x08009334       0x64 C:/CLionToolchains/gcc-arm-none-eabi-10.3-2021.10/bin/../lib/gcc/arm-none-eabi/13.3.1/thumb/v7e-m+fp/hard\libg.a(libm_a-s_frexp.o)
                0x08009334                frexp
 .text.__register_exitproc
                0x08009398       0x80 C:/CLionToolchains/gcc-arm-none-eabi-10.3-2021.10/bin/../lib/gcc/arm-none-eabi/13.3.1/thumb/v7e-m+fp/hard\libg.a(libc_a-__atexit.o)
                0x08009398                __register_exitproc
 .text.quorem   0x08009418      0x12c C:/CLionToolchains/gcc-arm-none-eabi-10.3-2021.10/bin/../lib/gcc/arm-none-eabi/13.3.1/thumb/v7e-m+fp/hard\libg.a(libc_a-dtoa.o)
 *fill*         0x08009544        0x4 
 .text._dtoa_r  0x08009548      0xe80 C:/CLionToolchains/gcc-arm-none-eabi-10.3-2021.10/bin/../lib/gcc/arm-none-eabi/13.3.1/thumb/v7e-m+fp/hard\libg.a(libc_a-dtoa.o)
                0x08009548                _dtoa_r
 .text.__ascii_mbtowc
                0x0800a3c8       0x2c C:/CLionToolchains/gcc-arm-none-eabi-10.3-2021.10/bin/../lib/gcc/arm-none-eabi/13.3.1/thumb/v7e-m+fp/hard\libg.a(libc_a-mbtowc_r.o)
                0x0800a3c8                __ascii_mbtowc
 .text._Balloc  0x0800a3f4       0x4c C:/CLionToolchains/gcc-arm-none-eabi-10.3-2021.10/bin/../lib/gcc/arm-none-eabi/13.3.1/thumb/v7e-m+fp/hard\libg.a(libc_a-mprec.o)
                0x0800a3f4                _Balloc
 .text._Bfree   0x0800a440       0x14 C:/CLionToolchains/gcc-arm-none-eabi-10.3-2021.10/bin/../lib/gcc/arm-none-eabi/13.3.1/thumb/v7e-m+fp/hard\libg.a(libc_a-mprec.o)
                0x0800a440                _Bfree
 .text.__multadd
                0x0800a454       0xa0 C:/CLionToolchains/gcc-arm-none-eabi-10.3-2021.10/bin/../lib/gcc/arm-none-eabi/13.3.1/thumb/v7e-m+fp/hard\libg.a(libc_a-mprec.o)
                0x0800a454                __multadd
 .text.__hi0bits
                0x0800a4f4       0x44 C:/CLionToolchains/gcc-arm-none-eabi-10.3-2021.10/bin/../lib/gcc/arm-none-eabi/13.3.1/thumb/v7e-m+fp/hard\libg.a(libc_a-mprec.o)
                0x0800a4f4                __hi0bits
 .text.__lo0bits
                0x0800a538       0x60 C:/CLionToolchains/gcc-arm-none-eabi-10.3-2021.10/bin/../lib/gcc/arm-none-eabi/13.3.1/thumb/v7e-m+fp/hard\libg.a(libc_a-mprec.o)
                0x0800a538                __lo0bits
 .text.__i2b    0x0800a598       0x5c C:/CLionToolchains/gcc-arm-none-eabi-10.3-2021.10/bin/../lib/gcc/arm-none-eabi/13.3.1/thumb/v7e-m+fp/hard\libg.a(libc_a-mprec.o)
                0x0800a598                __i2b
 .text.__multiply
                0x0800a5f4      0x16c C:/CLionToolchains/gcc-arm-none-eabi-10.3-2021.10/bin/../lib/gcc/arm-none-eabi/13.3.1/thumb/v7e-m+fp/hard\libg.a(libc_a-mprec.o)
                0x0800a5f4                __multiply
 .text.__pow5mult
                0x0800a760       0xb4 C:/CLionToolchains/gcc-arm-none-eabi-10.3-2021.10/bin/../lib/gcc/arm-none-eabi/13.3.1/thumb/v7e-m+fp/hard\libg.a(libc_a-mprec.o)
                0x0800a760                __pow5mult
 .text.__lshift
                0x0800a814       0xf0 C:/CLionToolchains/gcc-arm-none-eabi-10.3-2021.10/bin/../lib/gcc/arm-none-eabi/13.3.1/thumb/v7e-m+fp/hard\libg.a(libc_a-mprec.o)
                0x0800a814                __lshift
 .text.__mcmp   0x0800a904       0x44 C:/CLionToolchains/gcc-arm-none-eabi-10.3-2021.10/bin/../lib/gcc/arm-none-eabi/13.3.1/thumb/v7e-m+fp/hard\libg.a(libc_a-mprec.o)
                0x0800a904                __mcmp
 .text.__mdiff  0x0800a948      0x178 C:/CLionToolchains/gcc-arm-none-eabi-10.3-2021.10/bin/../lib/gcc/arm-none-eabi/13.3.1/thumb/v7e-m+fp/hard\libg.a(libc_a-mprec.o)
                0x0800a948                __mdiff
 .text.__d2b    0x0800aac0       0xc0 C:/CLionToolchains/gcc-arm-none-eabi-10.3-2021.10/bin/../lib/gcc/arm-none-eabi/13.3.1/thumb/v7e-m+fp/hard\libg.a(libc_a-mprec.o)
                0x0800aac0                __d2b
 .text.__ascii_wctomb
                0x0800ab80       0x1c C:/CLionToolchains/gcc-arm-none-eabi-10.3-2021.10/bin/../lib/gcc/arm-none-eabi/13.3.1/thumb/v7e-m+fp/hard\libg.a(libc_a-wctomb_r.o)
                0x0800ab80                __ascii_wctomb
 .text._wcrtomb_r
                0x0800ab9c       0x4c C:/CLionToolchains/gcc-arm-none-eabi-10.3-2021.10/bin/../lib/gcc/arm-none-eabi/13.3.1/thumb/v7e-m+fp/hard\libg.a(libc_a-wcrtomb.o)
                0x0800ab9c                _wcrtomb_r
 .text._wcsrtombs_r
                0x0800abe8       0x18 C:/CLionToolchains/gcc-arm-none-eabi-10.3-2021.10/bin/../lib/gcc/arm-none-eabi/13.3.1/thumb/v7e-m+fp/hard\libg.a(libc_a-wcsrtombs.o)
                0x0800abe8                _wcsrtombs_r
 .text.__ssputs_r
                0x0800ac00       0xc0 C:/CLionToolchains/gcc-arm-none-eabi-10.3-2021.10/bin/../lib/gcc/arm-none-eabi/13.3.1/thumb/v7e-m+fp/hard\libg.a(libc_a-ssputs_r.o)
                0x0800ac00                __ssputs_r
 .text.memmove  0x0800acc0      0x100 C:/CLionToolchains/gcc-arm-none-eabi-10.3-2021.10/bin/../lib/gcc/arm-none-eabi/13.3.1/thumb/v7e-m+fp/hard\libg.a(libc_a-memmove.o)
                0x0800acc0                memmove
 .text.__assert_func
                0x0800adc0       0x40 C:/CLionToolchains/gcc-arm-none-eabi-10.3-2021.10/bin/../lib/gcc/arm-none-eabi/13.3.1/thumb/v7e-m+fp/hard\libg.a(libc_a-assert.o)
                0x0800adc0                __assert_func
 .text._calloc_r
                0x0800ae00       0x6c C:/CLionToolchains/gcc-arm-none-eabi-10.3-2021.10/bin/../lib/gcc/arm-none-eabi/13.3.1/thumb/v7e-m+fp/hard\libg.a(libc_a-callocr.o)
                0x0800ae00                _calloc_r
 .text._realloc_r
                0x0800ae6c      0x344 C:/CLionToolchains/gcc-arm-none-eabi-10.3-2021.10/bin/../lib/gcc/arm-none-eabi/13.3.1/thumb/v7e-m+fp/hard\libg.a(libc_a-reallocr.o)
                0x0800ae6c                _realloc_r
 .text._wcsnrtombs_l
                0x0800b1b0       0xfc C:/CLionToolchains/gcc-arm-none-eabi-10.3-2021.10/bin/../lib/gcc/arm-none-eabi/13.3.1/thumb/v7e-m+fp/hard\libg.a(libc_a-wcsnrtombs.o)
                0x0800b1b0                _wcsnrtombs_l
 .text._wcsnrtombs_r
                0x0800b2ac       0x24 C:/CLionToolchains/gcc-arm-none-eabi-10.3-2021.10/bin/../lib/gcc/arm-none-eabi/13.3.1/thumb/v7e-m+fp/hard\libg.a(libc_a-wcsnrtombs.o)
                0x0800b2ac                _wcsnrtombs_r
 .text.fiprintf
                0x0800b2d0       0x28 C:/CLionToolchains/gcc-arm-none-eabi-10.3-2021.10/bin/../lib/gcc/arm-none-eabi/13.3.1/thumb/v7e-m+fp/hard\libg.a(libc_a-fiprintf.o)
                0x0800b2d0                fiprintf
 .text._vfiprintf_r
                0x0800b2f8      0xe68 C:/CLionToolchains/gcc-arm-none-eabi-10.3-2021.10/bin/../lib/gcc/arm-none-eabi/13.3.1/thumb/v7e-m+fp/hard\libg.a(libc_a-vfiprintf.o)
                0x0800b2f8                _vfiprintf_r
 .text.__sbprintf
                0x0800c160       0x80 C:/CLionToolchains/gcc-arm-none-eabi-10.3-2021.10/bin/../lib/gcc/arm-none-eabi/13.3.1/thumb/v7e-m+fp/hard\libg.a(libc_a-vfiprintf.o)
 .text.__sprint_r
                0x0800c1e0       0x20 C:/CLionToolchains/gcc-arm-none-eabi-10.3-2021.10/bin/../lib/gcc/arm-none-eabi/13.3.1/thumb/v7e-m+fp/hard\libg.a(libc_a-sprint_r.o)
                0x0800c1e0                __sprint_r
 .text.__sfvwrite_r
                0x0800c200      0x300 C:/CLionToolchains/gcc-arm-none-eabi-10.3-2021.10/bin/../lib/gcc/arm-none-eabi/13.3.1/thumb/v7e-m+fp/hard\libg.a(libc_a-fvwrite.o)
                0x0800c200                __sfvwrite_r
 .text.__swsetup_r
                0x0800c500       0xc4 C:/CLionToolchains/gcc-arm-none-eabi-10.3-2021.10/bin/../lib/gcc/arm-none-eabi/13.3.1/thumb/v7e-m+fp/hard\libg.a(libc_a-wsetup.o)
                0x0800c500                __swsetup_r
 .text.abort    0x0800c5c4       0x10 C:/CLionToolchains/gcc-arm-none-eabi-10.3-2021.10/bin/../lib/gcc/arm-none-eabi/13.3.1/thumb/v7e-m+fp/hard\libg.a(libc_a-abort.o)
                0x0800c5c4                abort
 .text.__smakebuf_r
                0x0800c5d4       0xdc C:/CLionToolchains/gcc-arm-none-eabi-10.3-2021.10/bin/../lib/gcc/arm-none-eabi/13.3.1/thumb/v7e-m+fp/hard\libg.a(libc_a-makebuf.o)
                0x0800c5d4                __smakebuf_r
 .text.raise    0x0800c6b0       0x58 C:/CLionToolchains/gcc-arm-none-eabi-10.3-2021.10/bin/../lib/gcc/arm-none-eabi/13.3.1/thumb/v7e-m+fp/hard\libg.a(libc_a-signal.o)
                0x0800c6b0                raise
 .text._fstat_r
                0x0800c708       0x2c C:/CLionToolchains/gcc-arm-none-eabi-10.3-2021.10/bin/../lib/gcc/arm-none-eabi/13.3.1/thumb/v7e-m+fp/hard\libg.a(libc_a-fstatr.o)
                0x0800c708                _fstat_r
 .text._isatty_r
                0x0800c734       0x24 C:/CLionToolchains/gcc-arm-none-eabi-10.3-2021.10/bin/../lib/gcc/arm-none-eabi/13.3.1/thumb/v7e-m+fp/hard\libg.a(libc_a-isattyr.o)
                0x0800c734                _isatty_r
 .text._kill_r  0x0800c758       0x2c C:/CLionToolchains/gcc-arm-none-eabi-10.3-2021.10/bin/../lib/gcc/arm-none-eabi/13.3.1/thumb/v7e-m+fp/hard\libg.a(libc_a-signalr.o)
                0x0800c758                _kill_r
 .text._getpid_r
                0x0800c784        0x4 C:/CLionToolchains/gcc-arm-none-eabi-10.3-2021.10/bin/../lib/gcc/arm-none-eabi/13.3.1/thumb/v7e-m+fp/hard\libg.a(libc_a-signalr.o)
                0x0800c784                _getpid_r
 .text.sqrt     0x0800c788       0x68 C:/CLionToolchains/gcc-arm-none-eabi-10.3-2021.10/bin/../lib/gcc/arm-none-eabi/13.3.1/thumb/v7e-m+fp/hard\libm.a(libm_a-w_sqrt.o)
                0x0800c788                sqrt
 .text.asinf    0x0800c7f0       0x58 C:/CLionToolchains/gcc-arm-none-eabi-10.3-2021.10/bin/../lib/gcc/arm-none-eabi/13.3.1/thumb/v7e-m+fp/hard\libm.a(libm_a-wf_asin.o)
                0x0800c7f0                asinf
 .text.atan2f   0x0800c848        0x4 C:/CLionToolchains/gcc-arm-none-eabi-10.3-2021.10/bin/../lib/gcc/arm-none-eabi/13.3.1/thumb/v7e-m+fp/hard\libm.a(libm_a-wf_atan2.o)
                0x0800c848                atan2f
 .text.fabsf    0x0800c84c       0x10 C:/CLionToolchains/gcc-arm-none-eabi-10.3-2021.10/bin/../lib/gcc/arm-none-eabi/13.3.1/thumb/v7e-m+fp/hard\libm.a(libm_a-sf_fabs.o)
                0x0800c84c                fabsf
 .text.nanf     0x0800c85c        0xc C:/CLionToolchains/gcc-arm-none-eabi-10.3-2021.10/bin/../lib/gcc/arm-none-eabi/13.3.1/thumb/v7e-m+fp/hard\libm.a(libm_a-sf_nan.o)
                0x0800c85c                nanf
 .text.__ieee754_sqrt
                0x0800c868      0x1ec C:/CLionToolchains/gcc-arm-none-eabi-10.3-2021.10/bin/../lib/gcc/arm-none-eabi/13.3.1/thumb/v7e-m+fp/hard\libm.a(libm_a-e_sqrt.o)
                0x0800c868                __ieee754_sqrt
 .text.__ieee754_asinf
                0x0800ca54      0x1f8 C:/CLionToolchains/gcc-arm-none-eabi-10.3-2021.10/bin/../lib/gcc/arm-none-eabi/13.3.1/thumb/v7e-m+fp/hard\libm.a(libm_a-ef_asin.o)
                0x0800ca54                __ieee754_asinf
 .text.__ieee754_atan2f
                0x0800cc4c      0x150 C:/CLionToolchains/gcc-arm-none-eabi-10.3-2021.10/bin/../lib/gcc/arm-none-eabi/13.3.1/thumb/v7e-m+fp/hard\libm.a(libm_a-ef_atan2.o)
                0x0800cc4c                __ieee754_atan2f
 .text.atanf    0x0800cd9c      0x1ac C:/CLionToolchains/gcc-arm-none-eabi-10.3-2021.10/bin/../lib/gcc/arm-none-eabi/13.3.1/thumb/v7e-m+fp/hard\libm.a(libm_a-sf_atan.o)
                0x0800cd9c                atanf
 .text.__ieee754_sqrtf
                0x0800cf48        0x8 C:/CLionToolchains/gcc-arm-none-eabi-10.3-2021.10/bin/../lib/gcc/arm-none-eabi/13.3.1/thumb/v7e-m+fp/hard\libm.a(libm_a-ef_sqrt.o)
                0x0800cf48                __ieee754_sqrtf
 *(.glue_7)
 .glue_7        0x0800cf50        0x0 linker stubs
 *(.glue_7t)
 .glue_7t       0x0800cf50        0x0 linker stubs
 *(.eh_frame)
 .eh_frame      0x0800cf50        0x0 C:/CLionToolchains/gcc-arm-none-eabi-10.3-2021.10/bin/../lib/gcc/arm-none-eabi/13.3.1/thumb/v7e-m+fp/hard/crtbegin.o
 *(.init)
 .init          0x0800cf50        0x4 C:/CLionToolchains/gcc-arm-none-eabi-10.3-2021.10/bin/../lib/gcc/arm-none-eabi/13.3.1/thumb/v7e-m+fp/hard/crti.o
                0x0800cf50                _init
 .init          0x0800cf54        0x8 C:/CLionToolchains/gcc-arm-none-eabi-10.3-2021.10/bin/../lib/gcc/arm-none-eabi/13.3.1/thumb/v7e-m+fp/hard/crtn.o
 *(.fini)
 .fini          0x0800cf5c        0x4 C:/CLionToolchains/gcc-arm-none-eabi-10.3-2021.10/bin/../lib/gcc/arm-none-eabi/13.3.1/thumb/v7e-m+fp/hard/crti.o
                0x0800cf5c                _fini
 .fini          0x0800cf60        0x8 C:/CLionToolchains/gcc-arm-none-eabi-10.3-2021.10/bin/../lib/gcc/arm-none-eabi/13.3.1/thumb/v7e-m+fp/hard/crtn.o
                0x0800cf68                        . = ALIGN (0x4)
                0x0800cf68                        _etext = .

.vfp11_veneer   0x0800cf68        0x0
 .vfp11_veneer  0x0800cf68        0x0 linker stubs

.v4_bx          0x0800cf68        0x0
 .v4_bx         0x0800cf68        0x0 linker stubs

.iplt           0x0800cf68        0x0
 .iplt          0x0800cf68        0x0 C:/CLionToolchains/gcc-arm-none-eabi-10.3-2021.10/bin/../lib/gcc/arm-none-eabi/13.3.1/thumb/v7e-m+fp/hard/crtbegin.o

.rodata         0x0800cf68      0x5f0
                0x0800cf68                        . = ALIGN (0x4)
 *(.rodata)
 .rodata        0x0800cf68       0xc4 CMakeFiles/bubing_RM2025.elf.dir/Core/Src/freertos.c.obj
 *(.rodata*)
 .rodata.str1.4
                0x0800d02c      0x253 CMakeFiles/bubing_RM2025.elf.dir/Core/Src/freertos.c.obj
                                 0x60 (size before relaxing)
 *fill*         0x0800d27f        0x1 
 .rodata.APBPrescTable
                0x0800d280        0x8 CMakeFiles/bubing_RM2025.elf.dir/Core/Src/system_stm32f4xx.c.obj
                0x0800d280                APBPrescTable
 .rodata.AHBPrescTable
                0x0800d288       0x10 CMakeFiles/bubing_RM2025.elf.dir/Core/Src/system_stm32f4xx.c.obj
                0x0800d288                AHBPrescTable
 .rodata.flagBitshiftOffset.0
                0x0800d298        0x8 CMakeFiles/bubing_RM2025.elf.dir/Drivers/STM32F4xx_HAL_Driver/Src/stm32f4xx_hal_dma.c.obj
 .rodata.vTaskStartScheduler.str1.4
                0x0800d2a0        0x5 CMakeFiles/bubing_RM2025.elf.dir/Middlewares/Third_Party/FreeRTOS/Source/tasks.c.obj
 .rodata.write_BMI088_gyro_reg_data_error
                0x0800d2a0       0x12 CMakeFiles/bubing_RM2025.elf.dir/code_mf/Src/BMI088driver.c.obj
 *fill*         0x0800d2b2        0x2 
 .rodata.write_BMI088_accel_reg_data_error
                0x0800d2b4       0x12 CMakeFiles/bubing_RM2025.elf.dir/code_mf/Src/BMI088driver.c.obj
 .rodata.uart_sent_debug.str1.4
                0x0800d2c6       0x12 CMakeFiles/bubing_RM2025.elf.dir/code_mf/Src/uart_sent.c.obj
 .rodata.servo_uart_sent.str1.4
                0x0800d2c6       0x2e CMakeFiles/bubing_RM2025.elf.dir/code_mf/Src/uart_sent.c.obj
 .rodata._svfprintf_r.str1.4
                0x0800d2c6       0x42 C:/CLionToolchains/gcc-arm-none-eabi-10.3-2021.10/bin/../lib/gcc/arm-none-eabi/13.3.1/thumb/v7e-m+fp/hard\libg.a(libc_a-svfprintf.o)
 *fill*         0x0800d2c6        0x2 
 .rodata.zeroes.0
                0x0800d2c8       0x10 C:/CLionToolchains/gcc-arm-none-eabi-10.3-2021.10/bin/../lib/gcc/arm-none-eabi/13.3.1/thumb/v7e-m+fp/hard\libg.a(libc_a-svfprintf.o)
 .rodata.blanks.1
                0x0800d2d8       0x10 C:/CLionToolchains/gcc-arm-none-eabi-10.3-2021.10/bin/../lib/gcc/arm-none-eabi/13.3.1/thumb/v7e-m+fp/hard\libg.a(libc_a-svfprintf.o)
 .rodata.str1.4
                0x0800d2e8       0x4c C:/CLionToolchains/gcc-arm-none-eabi-10.3-2021.10/bin/../lib/gcc/arm-none-eabi/13.3.1/thumb/v7e-m+fp/hard\libg.a(libc_a-locale.o)
 .rodata._dtoa_r.str1.4
                0x0800d2e8       0x81 C:/CLionToolchains/gcc-arm-none-eabi-10.3-2021.10/bin/../lib/gcc/arm-none-eabi/13.3.1/thumb/v7e-m+fp/hard\libg.a(libc_a-dtoa.o)
 .rodata.__multadd.str1.4
                0x0800d2e8       0x6e C:/CLionToolchains/gcc-arm-none-eabi-10.3-2021.10/bin/../lib/gcc/arm-none-eabi/13.3.1/thumb/v7e-m+fp/hard\libg.a(libc_a-mprec.o)
 .rodata.p05.0  0x0800d2e8        0xc C:/CLionToolchains/gcc-arm-none-eabi-10.3-2021.10/bin/../lib/gcc/arm-none-eabi/13.3.1/thumb/v7e-m+fp/hard\libg.a(libc_a-mprec.o)
 *fill*         0x0800d2f4        0x4 
 .rodata.__mprec_bigtens
                0x0800d2f8       0x28 C:/CLionToolchains/gcc-arm-none-eabi-10.3-2021.10/bin/../lib/gcc/arm-none-eabi/13.3.1/thumb/v7e-m+fp/hard\libg.a(libc_a-mprec.o)
                0x0800d2f8                __mprec_bigtens
 .rodata.__mprec_tens
                0x0800d320       0xc8 C:/CLionToolchains/gcc-arm-none-eabi-10.3-2021.10/bin/../lib/gcc/arm-none-eabi/13.3.1/thumb/v7e-m+fp/hard\libg.a(libc_a-mprec.o)
                0x0800d320                __mprec_tens
 .rodata._ctype_
                0x0800d3e8      0x101 C:/CLionToolchains/gcc-arm-none-eabi-10.3-2021.10/bin/../lib/gcc/arm-none-eabi/13.3.1/thumb/v7e-m+fp/hard\libg.a(libc_a-ctype_.o)
                0x0800d3e8                _ctype_
 .rodata.__assert_func.str1.4
                0x0800d4e9       0x43 C:/CLionToolchains/gcc-arm-none-eabi-10.3-2021.10/bin/../lib/gcc/arm-none-eabi/13.3.1/thumb/v7e-m+fp/hard\libg.a(libc_a-assert.o)
 .rodata._vfiprintf_r.str1.4
                0x0800d4e9       0x2f C:/CLionToolchains/gcc-arm-none-eabi-10.3-2021.10/bin/../lib/gcc/arm-none-eabi/13.3.1/thumb/v7e-m+fp/hard\libg.a(libc_a-vfiprintf.o)
 *fill*         0x0800d4e9        0x3 
 .rodata.zeroes.0
                0x0800d4ec       0x10 C:/CLionToolchains/gcc-arm-none-eabi-10.3-2021.10/bin/../lib/gcc/arm-none-eabi/13.3.1/thumb/v7e-m+fp/hard\libg.a(libc_a-vfiprintf.o)
 .rodata.blanks.1
                0x0800d4fc       0x10 C:/CLionToolchains/gcc-arm-none-eabi-10.3-2021.10/bin/../lib/gcc/arm-none-eabi/13.3.1/thumb/v7e-m+fp/hard\libg.a(libc_a-vfiprintf.o)
 .rodata.asinf.str1.4
                0x0800d50c        0x1 C:/CLionToolchains/gcc-arm-none-eabi-10.3-2021.10/bin/../lib/gcc/arm-none-eabi/13.3.1/thumb/v7e-m+fp/hard\libm.a(libm_a-wf_asin.o)
 *fill*         0x0800d50c        0x4 
 .rodata.tiny   0x0800d510        0x8 C:/CLionToolchains/gcc-arm-none-eabi-10.3-2021.10/bin/../lib/gcc/arm-none-eabi/13.3.1/thumb/v7e-m+fp/hard\libm.a(libm_a-e_sqrt.o)
 .rodata.one    0x0800d518        0x8 C:/CLionToolchains/gcc-arm-none-eabi-10.3-2021.10/bin/../lib/gcc/arm-none-eabi/13.3.1/thumb/v7e-m+fp/hard\libm.a(libm_a-e_sqrt.o)
 .rodata.CSWTCH.9
                0x0800d520        0xc C:/CLionToolchains/gcc-arm-none-eabi-10.3-2021.10/bin/../lib/gcc/arm-none-eabi/13.3.1/thumb/v7e-m+fp/hard\libm.a(libm_a-ef_atan2.o)
 .rodata.CSWTCH.8
                0x0800d52c        0xc C:/CLionToolchains/gcc-arm-none-eabi-10.3-2021.10/bin/../lib/gcc/arm-none-eabi/13.3.1/thumb/v7e-m+fp/hard\libm.a(libm_a-ef_atan2.o)
 .rodata.atanlo
                0x0800d538       0x10 C:/CLionToolchains/gcc-arm-none-eabi-10.3-2021.10/bin/../lib/gcc/arm-none-eabi/13.3.1/thumb/v7e-m+fp/hard\libm.a(libm_a-sf_atan.o)
 .rodata.atanhi
                0x0800d548       0x10 C:/CLionToolchains/gcc-arm-none-eabi-10.3-2021.10/bin/../lib/gcc/arm-none-eabi/13.3.1/thumb/v7e-m+fp/hard\libm.a(libm_a-sf_atan.o)
                0x0800d558                        . = ALIGN (0x4)

.ARM.extab      0x0800d558        0x0
                0x0800d558                        . = ALIGN (0x4)
 *(.ARM.extab* .gnu.linkonce.armextab.*)
                0x0800d558                        . = ALIGN (0x4)

.ARM            0x0800d558        0x8
                0x0800d558                        . = ALIGN (0x4)
                0x0800d558                        __exidx_start = .
 *(.ARM.exidx*)
 .ARM.exidx     0x0800d558        0x8 C:/CLionToolchains/gcc-arm-none-eabi-10.3-2021.10/bin/../lib/gcc/arm-none-eabi/13.3.1/thumb/v7e-m+fp/hard\libg.a(libc_a-memcpy.o)
 .ARM.exidx     0x0800d560        0x0 C:/CLionToolchains/gcc-arm-none-eabi-10.3-2021.10/bin/../lib/gcc/arm-none-eabi/13.3.1/thumb/v7e-m+fp/hard\libg.a(libc_a-strlen.o)
                                  0x8 (size before relaxing)
 .ARM.exidx     0x0800d560        0x0 C:/CLionToolchains/gcc-arm-none-eabi-10.3-2021.10/bin/../lib/gcc/arm-none-eabi/13.3.1/thumb/v7e-m+fp/hard\libg.a(libc_a-memchr.o)
                                  0x8 (size before relaxing)
 .ARM.exidx.text.__udivmoddi4
                0x0800d560        0x0 C:/CLionToolchains/gcc-arm-none-eabi-10.3-2021.10/bin/../lib/gcc/arm-none-eabi/13.3.1/thumb/v7e-m+fp/hard\libgcc.a(_udivmoddi4.o)
                                  0x8 (size before relaxing)
                0x0800d560                        __exidx_end = .
                0x0800d560                        . = ALIGN (0x4)

.preinit_array  0x0800d560        0x0
                0x0800d560                        . = ALIGN (0x4)
                0x0800d560                        PROVIDE (__preinit_array_start = .)
 *(.preinit_array*)
                0x0800d560                        PROVIDE (__preinit_array_end = .)
                0x0800d560                        . = ALIGN (0x4)

.init_array     0x0800d560        0x8
                0x0800d560                        . = ALIGN (0x4)
                0x0800d560                        PROVIDE (__init_array_start = .)
 *(SORT_BY_NAME(.init_array.*))
 .init_array.00000
                0x0800d560        0x4 C:/CLionToolchains/gcc-arm-none-eabi-10.3-2021.10/bin/../lib/gcc/arm-none-eabi/13.3.1/thumb/v7e-m+fp/hard\libg.a(libc_a-__call_atexit.o)
 *(.init_array*)
 .init_array    0x0800d564        0x4 C:/CLionToolchains/gcc-arm-none-eabi-10.3-2021.10/bin/../lib/gcc/arm-none-eabi/13.3.1/thumb/v7e-m+fp/hard/crtbegin.o
                0x0800d568                        PROVIDE (__init_array_end = .)
                0x0800d568                        . = ALIGN (0x4)

.fini_array     0x0800d568        0x4
                0x0800d568                        . = ALIGN (0x4)
                0x0800d568                        PROVIDE (__fini_array_start = .)
 *(SORT_BY_NAME(.fini_array.*))
 *(.fini_array*)
 .fini_array    0x0800d568        0x4 C:/CLionToolchains/gcc-arm-none-eabi-10.3-2021.10/bin/../lib/gcc/arm-none-eabi/13.3.1/thumb/v7e-m+fp/hard/crtbegin.o
                0x0800d56c                        PROVIDE (__fini_array_end = .)
                0x0800d56c                        . = ALIGN (0x4)
                0x0800d56c                        _sidata = LOADADDR (.data)

.rel.dyn        0x0800d56c        0x0
 .rel.iplt      0x0800d56c        0x0 C:/CLionToolchains/gcc-arm-none-eabi-10.3-2021.10/bin/../lib/gcc/arm-none-eabi/13.3.1/thumb/v7e-m+fp/hard/crtbegin.o

.data           0x20000000      0x704 load address 0x0800d56c
                0x20000000                        . = ALIGN (0x4)
                0x20000000                        _sdata = .
 *(.data)
 *(.data*)
 .data.INS_quat
                0x20000000       0x10 CMakeFiles/bubing_RM2025.elf.dir/Core/Src/main.c.obj
                0x20000000                INS_quat
 .data.SystemCoreClock
                0x20000010        0x4 CMakeFiles/bubing_RM2025.elf.dir/Core/Src/system_stm32f4xx.c.obj
                0x20000010                SystemCoreClock
 .data.uwTickFreq
                0x20000014        0x1 CMakeFiles/bubing_RM2025.elf.dir/Drivers/STM32F4xx_HAL_Driver/Src/stm32f4xx_hal.c.obj
                0x20000014                uwTickFreq
 *fill*         0x20000015        0x3 
 .data.uwTickPrio
                0x20000018        0x4 CMakeFiles/bubing_RM2025.elf.dir/Drivers/STM32F4xx_HAL_Driver/Src/stm32f4xx_hal.c.obj
                0x20000018                uwTickPrio
 .data.uxCriticalNesting
                0x2000001c        0x4 CMakeFiles/bubing_RM2025.elf.dir/Middlewares/Third_Party/FreeRTOS/Source/portable/GCC/ARM_CM4F/port.c.obj
 .data.BMI088_GYRO_SEN
                0x20000020        0x4 CMakeFiles/bubing_RM2025.elf.dir/code_mf/Src/BMI088driver.c.obj
                0x20000020                BMI088_GYRO_SEN
 .data.BMI088_ACCEL_SEN
                0x20000024        0x4 CMakeFiles/bubing_RM2025.elf.dir/code_mf/Src/BMI088driver.c.obj
                0x20000024                BMI088_ACCEL_SEN
 .data.twoKp    0x20000028        0x4 CMakeFiles/bubing_RM2025.elf.dir/code_mf/Src/MahonyAHRS.c.obj
                0x20000028                twoKp
 .data.__sglue  0x2000002c        0xc C:/CLionToolchains/gcc-arm-none-eabi-10.3-2021.10/bin/../lib/gcc/arm-none-eabi/13.3.1/thumb/v7e-m+fp/hard\libg.a(libc_a-findfp.o)
                0x2000002c                __sglue
 .data._impure_ptr
                0x20000038        0x4 C:/CLionToolchains/gcc-arm-none-eabi-10.3-2021.10/bin/../lib/gcc/arm-none-eabi/13.3.1/thumb/v7e-m+fp/hard\libg.a(libc_a-impure.o)
                0x20000038                _impure_ptr
 *fill*         0x2000003c        0x4 
 .data._impure_data
                0x20000040      0x140 C:/CLionToolchains/gcc-arm-none-eabi-10.3-2021.10/bin/../lib/gcc/arm-none-eabi/13.3.1/thumb/v7e-m+fp/hard\libg.a(libc_a-impure.o)
                0x20000040                _impure_data
 .data.__atexit_recursive_mutex
                0x20000180        0x4 C:/CLionToolchains/gcc-arm-none-eabi-10.3-2021.10/bin/../lib/gcc/arm-none-eabi/13.3.1/thumb/v7e-m+fp/hard\libg.a(libc_a-__call_atexit.o)
                0x20000180                __atexit_recursive_mutex
 .data.__malloc_sbrk_base
                0x20000184        0x4 C:/CLionToolchains/gcc-arm-none-eabi-10.3-2021.10/bin/../lib/gcc/arm-none-eabi/13.3.1/thumb/v7e-m+fp/hard\libg.a(libc_a-mallocr.o)
                0x20000184                __malloc_sbrk_base
 .data.__malloc_trim_threshold
                0x20000188        0x4 C:/CLionToolchains/gcc-arm-none-eabi-10.3-2021.10/bin/../lib/gcc/arm-none-eabi/13.3.1/thumb/v7e-m+fp/hard\libg.a(libc_a-mallocr.o)
                0x20000188                __malloc_trim_threshold
 *fill*         0x2000018c        0x4 
 .data.__malloc_av_
                0x20000190      0x408 C:/CLionToolchains/gcc-arm-none-eabi-10.3-2021.10/bin/../lib/gcc/arm-none-eabi/13.3.1/thumb/v7e-m+fp/hard\libg.a(libc_a-mallocr.o)
                0x20000190                __malloc_av_
 .data.__global_locale
                0x20000598      0x16c C:/CLionToolchains/gcc-arm-none-eabi-10.3-2021.10/bin/../lib/gcc/arm-none-eabi/13.3.1/thumb/v7e-m+fp/hard\libg.a(libc_a-locale.o)
                0x20000598                __global_locale
 *(.RamFunc)
 *(.RamFunc*)
                0x20000704                        . = ALIGN (0x4)
                0x20000704                        _edata = .
                0x0800dc70                        _siccmram = LOADADDR (.ccmram)

.tm_clone_table
                0x20000704        0x0 load address 0x0800dc70
 .tm_clone_table
                0x20000704        0x0 C:/CLionToolchains/gcc-arm-none-eabi-10.3-2021.10/bin/../lib/gcc/arm-none-eabi/13.3.1/thumb/v7e-m+fp/hard/crtbegin.o
 .tm_clone_table
                0x20000704        0x0 C:/CLionToolchains/gcc-arm-none-eabi-10.3-2021.10/bin/../lib/gcc/arm-none-eabi/13.3.1/thumb/v7e-m+fp/hard/crtend.o

.igot.plt       0x20000704        0x0 load address 0x0800dc70
 .igot.plt      0x20000704        0x0 C:/CLionToolchains/gcc-arm-none-eabi-10.3-2021.10/bin/../lib/gcc/arm-none-eabi/13.3.1/thumb/v7e-m+fp/hard/crtbegin.o

.ccmram         0x10000000        0x0 load address 0x0800dc70
                0x10000000                        . = ALIGN (0x4)
                0x10000000                        _sccmram = .
 *(.ccmram)
 *(.ccmram*)
                0x10000000                        . = ALIGN (0x4)