<html>
<body>
<pre>
<h1>礦ision Build Log</h1>
<h2>Tool Versions:</h2>
IDE-Version: μVision V5.30.0.0
Copyright (C) 2020 ARM Ltd and ARM Germany GmbH. All rights reserved.
License Information: 1 1, 1, LIC=KRMW3-ALRQZ-Z9GG9-4SXWC-8RH77-G4XRK
 
Tool Versions:
Toolchain:       MDK-ARM Plus  Version: 5.30.0.0
Toolchain Path:  D:\Keil_v5\ARM\ARMCC\Bin
C Compiler:      Armcc.exe V5.06 update 6 (build 750)
Assembler:       Armasm.exe V5.06 update 6 (build 750)
Linker/Locator:  ArmLink.exe V5.06 update 6 (build 750)
Library Manager: ArmAr.exe V5.06 update 6 (build 750)
Hex Converter:   FromElf.exe V5.06 update 6 (build 750)
CPU DLL:         SARMCM3.DLL V5.30.0.0
Dialog DLL:      DARMSTM.DLL V1.68.0.0
Target DLL:      STLink\ST-LINKIII-KEIL_SWO.dll V3.0.7.0
Dialog DLL:      TARMSTM.DLL V1.66.0.0
 
<h2>Project:</h2>
E:\008-资料优化\001-总线舵机\001-总线舵机\004-示例代码\stm32f103c8t6例程\project\ZL-KPZ32.uvproj
Project File Date:  05/08/2025

<h2>Output:</h2>
*** Using Compiler 'V5.06 update 6 (build 750)', folder: 'D:\Keil_v5\ARM\ARMCC\Bin'
Rebuild target 'ZL-Tutorials'
assembling startup_stm32f10x_hd.s...
compiling z_main.c...
compiling z_led.c...
compiling z_uart.c...
compiling stm32f10x_usart.c...
compiling system_stm32f10x.c...
compiling z_loop.c...
compiling z_beep.c...
compiling z_delay.c...
compiling z_stm32f10x_it.c...
compiling stm32f10x_rcc.c...
compiling misc.c...
compiling z_timer.c...
compiling stm32f10x_gpio.c...
compiling z_setup.c...
compiling core_cm3.c...
linking...
Program Size: Code=5184 RO-data=336 RW-data=52 ZI-data=1636  
FromELF: creating hex file...
"..\obj\OUTPUT\ZL-KPZ32.axf" - 0 Error(s), 0 Warning(s).
Build Time Elapsed:  00:00:01
</pre>
</body>
</html>
